Component: ARM Compiler 5.06 update 1 (build 61) Tool: armlink [4d35a8]

==============================================================================

Section Cross References

    system_stm32f10x.o(i.SetSysClock) refers to system_stm32f10x.o(i.SetSysClockTo72) for SetSysClockTo72
    system_stm32f10x.o(i.SystemCoreClockUpdate) refers to system_stm32f10x.o(.data) for SystemCoreClock
    system_stm32f10x.o(i.SystemInit) refers to system_stm32f10x.o(i.SetSysClock) for SetSysClock
    startup_stm32f10x_md.o(RESET) refers to startup_stm32f10x_md.o(STACK) for __initial_sp
    startup_stm32f10x_md.o(RESET) refers to startup_stm32f10x_md.o(.text) for Reset_Handler
    startup_stm32f10x_md.o(RESET) refers to stm32f10x_it.o(i.NMI_Handler) for NMI_Handler
    startup_stm32f10x_md.o(RESET) refers to stm32f10x_it.o(i.HardFault_Handler) for HardFault_Handler
    startup_stm32f10x_md.o(RESET) refers to stm32f10x_it.o(i.MemManage_Handler) for MemManage_Handler
    startup_stm32f10x_md.o(RESET) refers to stm32f10x_it.o(i.BusFault_Handler) for BusFault_Handler
    startup_stm32f10x_md.o(RESET) refers to stm32f10x_it.o(i.UsageFault_Handler) for UsageFault_Handler
    startup_stm32f10x_md.o(RESET) refers to stm32f10x_it.o(i.SVC_Handler) for SVC_Handler
    startup_stm32f10x_md.o(RESET) refers to stm32f10x_it.o(i.DebugMon_Handler) for DebugMon_Handler
    startup_stm32f10x_md.o(RESET) refers to stm32f10x_it.o(i.PendSV_Handler) for PendSV_Handler
    startup_stm32f10x_md.o(RESET) refers to time.o(i.SysTick_Handler) for SysTick_Handler
    startup_stm32f10x_md.o(RESET) refers to control.o(i.TIM4_IRQHandler) for TIM4_IRQHandler
    startup_stm32f10x_md.o(RESET) refers to usart.o(i.USART1_IRQHandler) for USART1_IRQHandler
    startup_stm32f10x_md.o(RESET) refers to uart2.o(i.USART2_IRQHandler) for USART2_IRQHandler
    startup_stm32f10x_md.o(RESET) refers to usart3.o(i.USART3_IRQHandler) for USART3_IRQHandler
    startup_stm32f10x_md.o(.text) refers to system_stm32f10x.o(i.SystemInit) for SystemInit
    startup_stm32f10x_md.o(.text) refers to entry.o(.ARM.Collect$$$$00000000) for __main
    stm32f10x_gpio.o(i.GPIO_AFIODeInit) refers to stm32f10x_rcc.o(i.RCC_APB2PeriphResetCmd) for RCC_APB2PeriphResetCmd
    stm32f10x_gpio.o(i.GPIO_DeInit) refers to stm32f10x_rcc.o(i.RCC_APB2PeriphResetCmd) for RCC_APB2PeriphResetCmd
    stm32f10x_adc.o(i.ADC_DeInit) refers to stm32f10x_rcc.o(i.RCC_APB2PeriphResetCmd) for RCC_APB2PeriphResetCmd
    stm32f10x_bkp.o(i.BKP_DeInit) refers to stm32f10x_rcc.o(i.RCC_BackupResetCmd) for RCC_BackupResetCmd
    stm32f10x_can.o(i.CAN_DeInit) refers to stm32f10x_rcc.o(i.RCC_APB1PeriphResetCmd) for RCC_APB1PeriphResetCmd
    stm32f10x_can.o(i.CAN_GetITStatus) refers to stm32f10x_can.o(i.CheckITStatus) for CheckITStatus
    stm32f10x_cec.o(i.CEC_DeInit) refers to stm32f10x_rcc.o(i.RCC_APB1PeriphResetCmd) for RCC_APB1PeriphResetCmd
    stm32f10x_dac.o(i.DAC_DeInit) refers to stm32f10x_rcc.o(i.RCC_APB1PeriphResetCmd) for RCC_APB1PeriphResetCmd
    stm32f10x_flash.o(i.FLASH_EnableWriteProtection) refers to stm32f10x_flash.o(i.FLASH_WaitForLastOperation) for FLASH_WaitForLastOperation
    stm32f10x_flash.o(i.FLASH_EraseAllBank1Pages) refers to stm32f10x_flash.o(i.FLASH_WaitForLastBank1Operation) for FLASH_WaitForLastBank1Operation
    stm32f10x_flash.o(i.FLASH_EraseAllPages) refers to stm32f10x_flash.o(i.FLASH_WaitForLastOperation) for FLASH_WaitForLastOperation
    stm32f10x_flash.o(i.FLASH_EraseOptionBytes) refers to stm32f10x_flash.o(i.FLASH_GetReadOutProtectionStatus) for FLASH_GetReadOutProtectionStatus
    stm32f10x_flash.o(i.FLASH_EraseOptionBytes) refers to stm32f10x_flash.o(i.FLASH_WaitForLastOperation) for FLASH_WaitForLastOperation
    stm32f10x_flash.o(i.FLASH_ErasePage) refers to stm32f10x_flash.o(i.FLASH_WaitForLastOperation) for FLASH_WaitForLastOperation
    stm32f10x_flash.o(i.FLASH_ProgramHalfWord) refers to stm32f10x_flash.o(i.FLASH_WaitForLastOperation) for FLASH_WaitForLastOperation
    stm32f10x_flash.o(i.FLASH_ProgramOptionByteData) refers to stm32f10x_flash.o(i.FLASH_WaitForLastOperation) for FLASH_WaitForLastOperation
    stm32f10x_flash.o(i.FLASH_ProgramWord) refers to stm32f10x_flash.o(i.FLASH_WaitForLastOperation) for FLASH_WaitForLastOperation
    stm32f10x_flash.o(i.FLASH_ReadOutProtection) refers to stm32f10x_flash.o(i.FLASH_WaitForLastOperation) for FLASH_WaitForLastOperation
    stm32f10x_flash.o(i.FLASH_UserOptionByteConfig) refers to stm32f10x_flash.o(i.FLASH_WaitForLastOperation) for FLASH_WaitForLastOperation
    stm32f10x_flash.o(i.FLASH_WaitForLastBank1Operation) refers to stm32f10x_flash.o(i.FLASH_GetBank1Status) for FLASH_GetBank1Status
    stm32f10x_flash.o(i.FLASH_WaitForLastOperation) refers to stm32f10x_flash.o(i.FLASH_GetBank1Status) for FLASH_GetBank1Status
    stm32f10x_i2c.o(i.I2C_DeInit) refers to stm32f10x_rcc.o(i.RCC_APB1PeriphResetCmd) for RCC_APB1PeriphResetCmd
[...]
    Removing stm32f10x_fsmc.o(i.FSMC_PCCARDInit), (132 bytes).
    Removing stm32f10x_fsmc.o(i.FSMC_PCCARDStructInit), (60 bytes).
    Removing stm32f10x_i2c.o(i.I2C_ARPCmd), (24 bytes).
    Removing stm32f10x_i2c.o(i.I2C_AcknowledgeConfig), (24 bytes).
    Removing stm32f10x_i2c.o(i.I2C_CalculatePEC), (24 bytes).
    Removing stm32f10x_i2c.o(i.I2C_CheckEvent), (42 bytes).
    Removing stm32f10x_i2c.o(i.I2C_ClearFlag), (12 bytes).
    Removing stm32f10x_i2c.o(i.I2C_ClearITPendingBit), (12 bytes).
    Removing stm32f10x_i2c.o(i.I2C_Cmd), (24 bytes).
    Removing stm32f10x_i2c.o(i.I2C_DMACmd), (24 bytes).
    Removing stm32f10x_i2c.o(i.I2C_DMALastTransferCmd), (24 bytes).
    Removing stm32f10x_i2c.o(i.I2C_DeInit), (56 bytes).
    Removing stm32f10x_i2c.o(i.I2C_DualAddressCmd), (24 bytes).
    Removing stm32f10x_i2c.o(i.I2C_FastModeDutyCycleConfig), (28 bytes).
    Removing stm32f10x_i2c.o(i.I2C_GeneralCallCmd), (24 bytes).
    Removing stm32f10x_i2c.o(i.I2C_GenerateSTART), (24 bytes).
    Removing stm32f10x_i2c.o(i.I2C_GenerateSTOP), (24 bytes).
    Removing stm32f10x_i2c.o(i.I2C_GetFlagStatus), (58 bytes).
    Removing stm32f10x_i2c.o(i.I2C_GetITStatus), (38 bytes).
    Removing stm32f10x_i2c.o(i.I2C_GetLastEvent), (26 bytes).
    Removing stm32f10x_i2c.o(i.I2C_GetPEC), (8 bytes).
    Removing stm32f10x_i2c.o(i.I2C_ITConfig), (18 bytes).
    Removing stm32f10x_i2c.o(i.I2C_Init), (236 bytes).
    Removing stm32f10x_i2c.o(i.I2C_NACKPositionConfig), (28 bytes).
    Removing stm32f10x_i2c.o(i.I2C_OwnAddress2Config), (22 bytes).
    Removing stm32f10x_i2c.o(i.I2C_PECPositionConfig), (28 bytes).
    Removing stm32f10x_i2c.o(i.I2C_ReadRegister), (22 bytes).
    Removing stm32f10x_i2c.o(i.I2C_ReceiveData), (8 bytes).
    Removing stm32f10x_i2c.o(i.I2C_SMBusAlertConfig), (28 bytes).
    Removing stm32f10x_i2c.o(i.I2C_Send7bitAddress), (18 bytes).
    Removing stm32f10x_i2c.o(i.I2C_SendData), (4 bytes).
    Removing stm32f10x_i2c.o(i.I2C_SoftwareResetCmd), (22 bytes).
    Removing stm32f10x_i2c.o(i.I2C_StretchClockCmd), (24 bytes).
    Removing stm32f10x_i2c.o(i.I2C_StructInit), (30 bytes).
    Removing stm32f10x_i2c.o(i.I2C_TransmitPEC), (24 bytes).
    Removing stm32f10x_iwdg.o(i.IWDG_Enable), (16 bytes).
    Removing stm32f10x_iwdg.o(i.IWDG_GetFlagStatus), (24 bytes).
    Removing stm32f10x_iwdg.o(i.IWDG_ReloadCounter), (16 bytes).
    Removing stm32f10x_iwdg.o(i.IWDG_SetPrescaler), (12 bytes).
    Removing stm32f10x_iwdg.o(i.IWDG_SetReload), (12 bytes).
    Removing stm32f10x_iwdg.o(i.IWDG_WriteAccessCmd), (12 bytes).
    Removing stm32f10x_pwr.o(i.PWR_BackupAccessCmd), (12 bytes).
    Removing stm32f10x_pwr.o(i.PWR_ClearFlag), (20 bytes).
    Removing stm32f10x_pwr.o(i.PWR_DeInit), (22 bytes).
    Removing stm32f10x_pwr.o(i.PWR_EnterSTANDBYMode), (52 bytes).
    Removing stm32f10x_pwr.o(i.PWR_EnterSTOPMode), (64 bytes).
    Removing stm32f10x_pwr.o(i.PWR_GetFlagStatus), (24 bytes).
    Removing stm32f10x_pwr.o(i.PWR_PVDCmd), (12 bytes).
    Removing stm32f10x_pwr.o(i.PWR_PVDLevelConfig), (24 bytes).
    Removing stm32f10x_pwr.o(i.PWR_WakeUpPinCmd), (12 bytes).
    Removing stm32f10x_rcc.o(i.RCC_ADCCLKConfig), (24 bytes).
    Removing stm32f10x_rcc.o(i.RCC_AHBPeriphClockCmd), (32 bytes).
    Removing stm32f10x_rcc.o(i.RCC_AdjustHSICalibrationValue), (24 bytes).
    Removing stm32f10x_rcc.o(i.RCC_BackupResetCmd), (12 bytes).
    Removing stm32f10x_rcc.o(i.RCC_ClearFlag), (20 bytes).
    Removing stm32f10x_rcc.o(i.RCC_ClearITPendingBit), (12 bytes).
    Removing stm32f10x_rcc.o(i.RCC_ClockSecuritySystemCmd), (12 bytes).
    Removing stm32f10x_rcc.o(i.RCC_DeInit), (76 bytes).
    Removing stm32f10x_rcc.o(i.RCC_GetFlagStatus), (60 bytes).
    Removing stm32f10x_rcc.o(i.RCC_GetITStatus), (24 bytes).
    Removing stm32f10x_rcc.o(i.RCC_GetSYSCLKSource), (16 bytes).
    Removing stm32f10x_rcc.o(i.RCC_HCLKConfig), (24 bytes).
    Removing stm32f10x_rcc.o(i.RCC_HSEConfig), (76 bytes).
    Removing stm32f10x_rcc.o(i.RCC_HSICmd), (12 bytes).
    Removing stm32f10x_rcc.o(i.RCC_ITConfig), (32 bytes).
    Removing stm32f10x_rcc.o(i.RCC_LSEConfig), (52 bytes).
    Removing stm32f10x_rcc.o(i.RCC_LSICmd), (12 bytes).
    Removing stm32f10x_rcc.o(i.RCC_MCOConfig), (12 bytes).
    Removing stm32f10x_rcc.o(i.RCC_PCLK1Config), (24 bytes).
    Removing stm32f10x_rcc.o(i.RCC_PCLK2Config), (24 bytes).
    Removing stm32f10x_rcc.o(i.RCC_PLLCmd), (12 bytes).
    Removing stm32f10x_rcc.o(i.RCC_PLLConfig), (28 bytes).
    Removing stm32f10x_rcc.o(i.RCC_RTCCLKCmd), (12 bytes).
    Removing stm32f10x_rcc.o(i.RCC_RTCCLKConfig), (16 bytes).
    Removing stm32f10x_rcc.o(i.RCC_SYSCLKConfig), (24 bytes).
    Removing stm32f10x_rcc.o(i.RCC_USBCLKConfig), (12 bytes).
    Removing stm32f10x_rcc.o(i.RCC_WaitForHSEStartUp), (56 bytes).
    Removing stm32f10x_rtc.o(i.RTC_ClearFlag), (16 bytes).
    Removing stm32f10x_rtc.o(i.RTC_ClearITPendingBit), (16 bytes).
    Removing stm32f10x_rtc.o(i.RTC_EnterConfigMode), (20 bytes).
    Removing stm32f10x_rtc.o(i.RTC_ExitConfigMode), (20 bytes).
    Removing stm32f10x_rtc.o(i.RTC_GetCounter), (20 bytes).
    Removing stm32f10x_rtc.o(i.RTC_GetDivider), (24 bytes).
    Removing stm32f10x_rtc.o(i.RTC_GetFlagStatus), (24 bytes).
    Removing stm32f10x_rtc.o(i.RTC_GetITStatus), (36 bytes).
    Removing stm32f10x_rtc.o(i.RTC_ITConfig), (32 bytes).
    Removing stm32f10x_rtc.o(i.RTC_SetAlarm), (28 bytes).
    Removing stm32f10x_rtc.o(i.RTC_SetCounter), (28 bytes).
    Removing stm32f10x_rtc.o(i.RTC_SetPrescaler), (32 bytes).
    Removing stm32f10x_rtc.o(i.RTC_WaitForLastTask), (20 bytes).
    Removing stm32f10x_rtc.o(i.RTC_WaitForSynchro), (36 bytes).
    Removing stm32f10x_sdio.o(i.SDIO_CEATAITCmd), (16 bytes).
    Removing stm32f10x_sdio.o(i.SDIO_ClearFlag), (12 bytes).
    Removing stm32f10x_sdio.o(i.SDIO_ClearITPendingBit), (12 bytes).
    Removing stm32f10x_sdio.o(i.SDIO_ClockCmd), (12 bytes).
    Removing stm32f10x_sdio.o(i.SDIO_CmdStructInit), (14 bytes).
    Removing stm32f10x_sdio.o(i.SDIO_CommandCompletionCmd), (12 bytes).
    Removing stm32f10x_sdio.o(i.SDIO_DMACmd), (12 bytes).
    Removing stm32f10x_sdio.o(i.SDIO_DataConfig), (48 bytes).
    Removing stm32f10x_sdio.o(i.SDIO_DataStructInit), (20 bytes).
    Removing stm32f10x_sdio.o(i.SDIO_DeInit), (36 bytes).
    Removing stm32f10x_sdio.o(i.SDIO_GetCommandResponse), (12 bytes).
    Removing stm32f10x_sdio.o(i.SDIO_GetDataCounter), (12 bytes).
    Removing stm32f10x_sdio.o(i.SDIO_GetFIFOCount), (12 bytes).
    Removing stm32f10x_sdio.o(i.SDIO_GetFlagStatus), (24 bytes).
    Removing stm32f10x_sdio.o(i.SDIO_GetITStatus), (24 bytes).
    Removing stm32f10x_sdio.o(i.SDIO_GetPowerState), (16 bytes).
    Removing stm32f10x_sdio.o(i.SDIO_GetResponse), (24 bytes).
    Removing stm32f10x_sdio.o(i.SDIO_ITConfig), (32 bytes).
    Removing stm32f10x_sdio.o(i.SDIO_Init), (48 bytes).
    Removing stm32f10x_sdio.o(i.SDIO_ReadData), (12 bytes).
    Removing stm32f10x_sdio.o(i.SDIO_SendCEATACmd), (12 bytes).
    Removing stm32f10x_sdio.o(i.SDIO_SendCommand), (44 bytes).
    Removing stm32f10x_sdio.o(i.SDIO_SendSDIOSuspendCmd), (12 bytes).
    Removing stm32f10x_sdio.o(i.SDIO_SetPowerState), (28 bytes).
    Removing stm32f10x_sdio.o(i.SDIO_SetSDIOOperation), (12 bytes).
    Removing stm32f10x_sdio.o(i.SDIO_SetSDIOReadWaitMode), (12 bytes).
    Removing stm32f10x_sdio.o(i.SDIO_StartSDIOReadWait), (12 bytes).
    Removing stm32f10x_sdio.o(i.SDIO_StopSDIOReadWait), (12 bytes).
    Removing stm32f10x_sdio.o(i.SDIO_StructInit), (16 bytes).
    Removing stm32f10x_sdio.o(i.SDIO_WriteData), (12 bytes).
    Removing stm32f10x_spi.o(i.I2S_Cmd), (24 bytes).
    Removing stm32f10x_spi.o(i.I2S_Init), (232 bytes).
    Removing stm32f10x_spi.o(i.I2S_StructInit), (20 bytes).
    Removing stm32f10x_spi.o(i.SPI_BiDirectionalLineConfig), (28 bytes).
    Removing stm32f10x_spi.o(i.SPI_CalculateCRC), (24 bytes).
    Removing stm32f10x_spi.o(i.SPI_Cmd), (24 bytes).
    Removing stm32f10x_spi.o(i.SPI_DataSizeConfig), (18 bytes).
    Removing stm32f10x_spi.o(i.SPI_GetCRC), (16 bytes).
    Removing stm32f10x_spi.o(i.SPI_GetCRCPolynomial), (6 bytes).
    Removing stm32f10x_spi.o(i.SPI_I2S_ClearFlag), (6 bytes).
    Removing stm32f10x_spi.o(i.SPI_I2S_ClearITPendingBit), (20 bytes).
    Removing stm32f10x_spi.o(i.SPI_I2S_DMACmd), (18 bytes).
    Removing stm32f10x_spi.o(i.SPI_I2S_DeInit), (88 bytes).
    Removing stm32f10x_spi.o(i.SPI_I2S_GetFlagStatus), (18 bytes).
    Removing stm32f10x_spi.o(i.SPI_I2S_GetITStatus), (52 bytes).
    Removing stm32f10x_spi.o(i.SPI_I2S_ITConfig), (32 bytes).
    Removing stm32f10x_spi.o(i.SPI_I2S_ReceiveData), (6 bytes).
    Removing stm32f10x_spi.o(i.SPI_I2S_SendData), (4 bytes).
    Removing stm32f10x_spi.o(i.SPI_Init), (60 bytes).
    Removing stm32f10x_spi.o(i.SPI_NSSInternalSoftwareConfig), (30 bytes).
    Removing stm32f10x_spi.o(i.SPI_SSOutputCmd), (24 bytes).
    Removing stm32f10x_spi.o(i.SPI_StructInit), (24 bytes).
    Removing stm32f10x_spi.o(i.SPI_TransmitCRC), (10 bytes).
    Removing stm32f10x_tim.o(i.TI1_Config), (128 bytes).
    Removing stm32f10x_tim.o(i.TI2_Config), (152 bytes).
    Removing stm32f10x_tim.o(i.TI3_Config), (144 bytes).
    Removing stm32f10x_tim.o(i.TI4_Config), (152 bytes).
    Removing stm32f10x_tim.o(i.TIM_BDTRConfig), (32 bytes).
    Removing stm32f10x_tim.o(i.TIM_BDTRStructInit), (18 bytes).
    Removing stm32f10x_tim.o(i.TIM_CCPreloadControl), (24 bytes).
    Removing stm32f10x_tim.o(i.TIM_CCxCmd), (30 bytes).
    Removing stm32f10x_tim.o(i.TIM_CCxNCmd), (30 bytes).
    Removing stm32f10x_tim.o(i.TIM_ClearOC1Ref), (18 bytes).
    Removing stm32f10x_tim.o(i.TIM_ClearOC2Ref), (24 bytes).
    Removing stm32f10x_tim.o(i.TIM_ClearOC3Ref), (18 bytes).
    Removing stm32f10x_tim.o(i.TIM_ClearOC4Ref), (24 bytes).
    Removing stm32f10x_tim.o(i.TIM_CounterModeConfig), (18 bytes).
    Removing stm32f10x_tim.o(i.TIM_DMACmd), (18 bytes).
    Removing stm32f10x_tim.o(i.TIM_DMAConfig), (10 bytes).
    Removing stm32f10x_tim.o(i.TIM_ETRClockMode1Config), (54 bytes).
    Removing stm32f10x_tim.o(i.TIM_ETRClockMode2Config), (32 bytes).
    Removing stm32f10x_tim.o(i.TIM_ETRConfig), (28 bytes).
    Removing stm32f10x_tim.o(i.TIM_EncoderInterfaceConfig), (66 bytes).
    Removing stm32f10x_tim.o(i.TIM_ForcedOC1Config), (18 bytes).
    Removing stm32f10x_tim.o(i.TIM_ForcedOC2Config), (26 bytes).
    Removing stm32f10x_tim.o(i.TIM_ForcedOC3Config), (18 bytes).
    Removing stm32f10x_tim.o(i.TIM_ForcedOC4Config), (26 bytes).
    Removing stm32f10x_tim.o(i.TIM_GenerateEvent), (4 bytes).
    Removing stm32f10x_tim.o(i.TIM_GetCapture1), (6 bytes).
    Removing stm32f10x_tim.o(i.TIM_GetCapture2), (6 bytes).
    Removing stm32f10x_tim.o(i.TIM_GetCapture3), (6 bytes).
    Removing stm32f10x_tim.o(i.TIM_GetCapture4), (8 bytes).
    Removing stm32f10x_tim.o(i.TIM_GetCounter), (6 bytes).
    Removing stm32f10x_tim.o(i.TIM_GetFlagStatus), (18 bytes).
    Removing stm32f10x_tim.o(i.TIM_GetPrescaler), (6 bytes).
    Removing stm32f10x_tim.o(i.TIM_ICInit), (172 bytes).
    Removing stm32f10x_tim.o(i.TIM_ICStructInit), (18 bytes).
    Removing stm32f10x_tim.o(i.TIM_ITRxExternalClockConfig), (24 bytes).
    Removing stm32f10x_tim.o(i.TIM_InternalClockConfig), (12 bytes).
    Removing stm32f10x_tim.o(i.TIM_OC1FastConfig), (18 bytes).
    Removing stm32f10x_tim.o(i.TIM_OC1NPolarityConfig), (18 bytes).
    Removing stm32f10x_tim.o(i.TIM_OC1PolarityConfig), (18 bytes).
    Removing stm32f10x_tim.o(i.TIM_OC2FastConfig), (26 bytes).
    Removing stm32f10x_tim.o(i.TIM_OC2NPolarityConfig), (26 bytes).
    Removing stm32f10x_tim.o(i.TIM_OC2PolarityConfig), (26 bytes).
    Removing stm32f10x_tim.o(i.TIM_OC3FastConfig), (18 bytes).
    Removing stm32f10x_tim.o(i.TIM_OC3NPolarityConfig), (26 bytes).
    Removing stm32f10x_tim.o(i.TIM_OC3PolarityConfig), (26 bytes).
    Removing stm32f10x_tim.o(i.TIM_OC4FastConfig), (26 bytes).
    Removing stm32f10x_tim.o(i.TIM_OC4PolarityConfig), (26 bytes).
    Removing stm32f10x_tim.o(i.TIM_OCStructInit), (20 bytes).
    Removing stm32f10x_tim.o(i.TIM_PWMIConfig), (124 bytes).
    Removing stm32f10x_tim.o(i.TIM_PrescalerConfig), (6 bytes).
    Removing stm32f10x_tim.o(i.TIM_SelectCCDMA), (24 bytes).
    Removing stm32f10x_tim.o(i.TIM_SelectCOM), (24 bytes).
    Removing stm32f10x_tim.o(i.TIM_SelectHallSensor), (24 bytes).
    Removing stm32f10x_tim.o(i.TIM_SelectInputTrigger), (18 bytes).
    Removing stm32f10x_tim.o(i.TIM_SelectMasterSlaveMode), (18 bytes).
    Removing stm32f10x_tim.o(i.TIM_SelectOCxM), (82 bytes).
    Removing stm32f10x_tim.o(i.TIM_SelectOnePulseMode), (18 bytes).
    Removing stm32f10x_tim.o(i.TIM_SelectOutputTrigger), (18 bytes).
    Removing stm32f10x_tim.o(i.TIM_SelectSlaveMode), (18 bytes).
    Removing stm32f10x_tim.o(i.TIM_SetAutoreload), (4 bytes).
    Removing stm32f10x_tim.o(i.TIM_SetClockDivision), (18 bytes).
    Removing stm32f10x_tim.o(i.TIM_SetCounter), (4 bytes).
    Removing stm32f10x_tim.o(i.TIM_SetIC1Prescaler), (18 bytes).
    Removing stm32f10x_tim.o(i.TIM_SetIC2Prescaler), (26 bytes).
    Removing stm32f10x_tim.o(i.TIM_SetIC3Prescaler), (18 bytes).
    Removing stm32f10x_tim.o(i.TIM_SetIC4Prescaler), (26 bytes).
    Removing stm32f10x_tim.o(i.TIM_TIxExternalClockConfig), (62 bytes).
    Removing stm32f10x_tim.o(i.TIM_TimeBaseStructInit), (18 bytes).
    Removing stm32f10x_tim.o(i.TIM_UpdateDisableConfig), (24 bytes).
    Removing stm32f10x_tim.o(i.TIM_UpdateRequestConfig), (24 bytes).
    Removing stm32f10x_usart.o(i.USART_ClearFlag), (18 bytes).
    Removing stm32f10x_usart.o(i.USART_ClockInit), (34 bytes).
    Removing stm32f10x_usart.o(i.USART_ClockStructInit), (12 bytes).
    Removing stm32f10x_usart.o(i.USART_DMACmd), (18 bytes).
    Removing stm32f10x_usart.o(i.USART_DeInit), (156 bytes).
    Removing stm32f10x_usart.o(i.USART_GetFlagStatus), (26 bytes).
    Removing stm32f10x_usart.o(i.USART_HalfDuplexCmd), (24 bytes).
    Removing stm32f10x_usart.o(i.USART_IrDACmd), (24 bytes).
    Removing stm32f10x_usart.o(i.USART_IrDAConfig), (18 bytes).
    Removing stm32f10x_usart.o(i.USART_LINBreakDetectLengthConfig), (18 bytes).
    Removing stm32f10x_usart.o(i.USART_LINCmd), (24 bytes).
    Removing stm32f10x_usart.o(i.USART_OneBitMethodCmd), (24 bytes).
    Removing stm32f10x_usart.o(i.USART_OverSampling8Cmd), (22 bytes).
    Removing stm32f10x_usart.o(i.USART_ReceiverWakeUpCmd), (24 bytes).
    Removing stm32f10x_usart.o(i.USART_SendBreak), (10 bytes).
    Removing stm32f10x_usart.o(i.USART_SendData), (8 bytes).
    Removing stm32f10x_usart.o(i.USART_SetAddress), (18 bytes).
    Removing stm32f10x_usart.o(i.USART_SetGuardTime), (16 bytes).
    Removing stm32f10x_usart.o(i.USART_SetPrescaler), (16 bytes).
    Removing stm32f10x_usart.o(i.USART_SmartCardCmd), (24 bytes).
    Removing stm32f10x_usart.o(i.USART_SmartCardNACKCmd), (24 bytes).
    Removing stm32f10x_usart.o(i.USART_StructInit), (24 bytes).
    Removing stm32f10x_usart.o(i.USART_WakeUpConfig), (18 bytes).
    Removing stm32f10x_wwdg.o(i.WWDG_ClearFlag), (12 bytes).
    Removing stm32f10x_wwdg.o(i.WWDG_DeInit), (22 bytes).
    Removing stm32f10x_wwdg.o(i.WWDG_Enable), (16 bytes).
    Removing stm32f10x_wwdg.o(i.WWDG_EnableIT), (12 bytes).
    Removing stm32f10x_wwdg.o(i.WWDG_GetFlagStatus), (12 bytes).
    Removing stm32f10x_wwdg.o(i.WWDG_SetCounter), (16 bytes).
    Removing stm32f10x_wwdg.o(i.WWDG_SetPrescaler), (24 bytes).
    Removing stm32f10x_wwdg.o(i.WWDG_SetWindowValue), (40 bytes).
    Removing dt.o(i.DT_Send01), (284 bytes).
    Removing dt.o(i.DT_Send03), (232 bytes).
    Removing dt.o(i.DT_SendF1), (268 bytes).
    Removing dt.o(.bss), (100 bytes).
    Removing filter.o(i.Get_Angle), (608 bytes).
    Removing filter.o(i.Kalman_Filter_X), (644 bytes).
    Removing filter.o(i.Kalman_Filter_Y), (644 bytes).
    Removing filter.o(i.Kalman_Filter_Z), (644 bytes).
    Removing filter.o(.bss), (48 bytes).
    Removing filter.o(.data), (256 bytes).
    Removing hcsr04.o(i.CloseTimeForHc), (14 bytes).
    Removing hcsr04.o(i.GetEchoTimer), (48 bytes).
    Removing hcsr04.o(i.HCSR04_Init), (152 bytes).
    Removing hcsr04.o(i.Hcsr04GetLength), (156 bytes).
    Removing hcsr04.o(i.NVIC_Config), (32 bytes).
    Removing hcsr04.o(i.OpenTimeForHc), (32 bytes).
    Removing hcsr04.o(.data), (2 bytes).
    Removing mpu6050.o(i.MPU6050_getDeviceID), (24 bytes).
    Removing mpu6050.o(i.MPU6050_initialize), (44 bytes).
    Removing mpu6050.o(i.MPU6050_setClockSource), (20 bytes).
    Removing mpu6050.o(i.MPU6050_setFullScaleAccelRange), (20 bytes).
    Removing mpu6050.o(i.MPU6050_setFullScaleGyroRange), (20 bytes).
    Removing mpu6050.o(i.MPU6050_setI2CBypassEnabled), (18 bytes).
    Removing mpu6050.o(i.MPU6050_setI2CMasterModeEnabled), (18 bytes).
    Removing mpu6050.o(i.MPU6050_setSleepEnabled), (18 bytes).
    Removing mpu6050.o(i.MPU6050_testConnection), (18 bytes).
    Removing mpu6050.o(.bss), (14 bytes).
    Removing mpuiic.o(i.MPU_I2C_ReadOneByte), (70 bytes).
    Removing mpuiic.o(i.MPU_IIC_Ack), (76 bytes).
    Removing mpuiic.o(i.MPU_IIC_Init), (52 bytes).
    Removing mpuiic.o(i.MPU_IIC_NAck), (76 bytes).
    Removing mpuiic.o(i.MPU_IIC_Read_Byte), (112 bytes).
    Removing mpuiic.o(i.MPU_IIC_Send_Byte), (100 bytes).
    Removing mpuiic.o(i.MPU_IIC_Start), (104 bytes).
    Removing mpuiic.o(i.MPU_IIC_Stop), (72 bytes).
    Removing mpuiic.o(i.MPU_IIC_Wait_Ack), (104 bytes).
    Removing mpuiic.o(i.MPU_IICreadByte), (22 bytes).
    Removing mpuiic.o(i.MPU_IICreadBytes), (100 bytes).
    Removing mpuiic.o(i.MPU_IICwriteBit), (64 bytes).
    Removing mpuiic.o(i.MPU_IICwriteBits), (106 bytes).
    Removing mpuiic.o(i.MPU_IICwriteByte), (20 bytes).
    Removing mpuiic.o(i.MPU_IICwriteBytes), (70 bytes).
    Removing mpuiic.o(i.MPU_i2cRead), (118 bytes).
    Removing mpuiic.o(i.MPU_i2cWrite), (96 bytes).
    Removing oled.o(i.OLED_Clear), (48 bytes).
    Removing oled.o(i.OLED_Display_Off), (28 bytes).
    Removing oled.o(i.OLED_Display_On), (28 bytes).
    Removing oled.o(i.OLED_DrawPoint), (104 bytes).
    Removing oled.o(i.OLED_Init), (212 bytes).
    Removing oled.o(i.OLED_Refresh_Gram), (76 bytes).
    Removing oled.o(i.OLED_ShowChar), (168 bytes).
    Removing oled.o(i.OLED_ShowNumber), (148 bytes).
    Removing oled.o(i.OLED_ShowString), (68 bytes).
    Removing oled.o(.bss), (1024 bytes).
    Removing oled.o(.constdata), (2660 bytes).
    Removing oled_spi.o(i.OLED_WR_Byte), (24 bytes).
    Removing oled_spi.o(i.SPI_Configuration), (264 bytes).
    Removing oled_spi.o(i.SPI_WriterByte), (52 bytes).
    Removing oled_spi.o(i.WriteCmd), (52 bytes).
    Removing oled_spi.o(i.WriteDat), (52 bytes).
    Removing openmv.o(i.OpenMV_Offline_Check), (44 bytes).
    Removing pwm.o(i.TIM1_PWM_Init), (156 bytes).
    Removing pwm.o(i.TIM3_PWM_Init), (232 bytes).
    Removing pwm.o(i.TIM4_PWM_Init), (204 bytes).
    Removing sys.o(.emb_text), (6 bytes).
    Removing sys.o(i.INTX_DISABLE), (4 bytes).
    Removing sys.o(i.INTX_ENABLE), (4 bytes).
    Removing sys.o(i.JTAG_Set), (48 bytes).
    Removing sys.o(i.WFI_SET), (4 bytes).
    Removing time.o(i.Get_Delta_T), (38 bytes).
    Removing usart.o(i.Uart1_Put_Buf), (76 bytes).
    Removing usart.o(i.Uart1_Put_Char), (48 bytes).
    Removing usart.o(i.fputc), (36 bytes).
    Removing uart2.o(i.Uart2_Flush), (20 bytes).
    Removing uart2.o(i.Uart2_Init), (164 bytes).
    Removing uart2.o(i.Uart2_Read), (64 bytes).
    Removing uart2.o(i.Uart2_Send), (64 bytes).
    Removing usart3.o(i.Uart3_Put_Buf), (76 bytes).
    Removing usart3.o(i.Uart3_Put_Char), (48 bytes).
    Removing usart3.o(i.Usart3_Init), (188 bytes).
    Removing usart3.o(i.Usart3_SendByte), (32 bytes).
    Removing usart3.o(i.Usart3_SendWord), (60 bytes).
    Removing my_math_1.o(i.my_len), (32 bytes).
    Removing my_math_1.o(i.my_pows), (22 bytes).
    Removing servo.o(i.PS2_servo_control), (192 bytes).
    Removing servo.o(i.servo_demo), (36 bytes).
    Removing servo.o(i.servo_output), (328 bytes).
    Removing servo.o(.data), (40 bytes).
    Removing scs.o(i.Ack), (104 bytes).
    Removing scs.o(i.Host2SCS), (28 bytes).
    Removing scs.o(i.Ping), (130 bytes).
    Removing scs.o(i.Read), (172 bytes).
    Removing scs.o(i.SCS2Host), (28 bytes).
    Removing scs.o(i.checkHead), (78 bytes).
    Removing scs.o(i.genWrite), (42 bytes).
    Removing scs.o(i.readByte), (36 bytes).
    Removing scs.o(i.readWord), (48 bytes).
    Removing scs.o(i.regAction), (36 bytes).
    Removing scs.o(i.regWrite), (42 bytes).
    Removing scs.o(i.syncWrite), (190 bytes).
    Removing scs.o(i.writeBuf), (146 bytes).
    Removing scs.o(i.writeByte), (42 bytes).
    Removing scs.o(i.writeWord), (52 bytes).
    Removing scs.o(.data), (2 bytes).
    Removing scscl.o(i.EnableTorque), (18 bytes).
    Removing scscl.o(i.FeedBack), (52 bytes).
    Removing scscl.o(i.LockEprom), (16 bytes).
    Removing scscl.o(i.PWMMode), (36 bytes).
    Removing scscl.o(i.ReadCurrent), (84 bytes).
    Removing scscl.o(i.ReadLoad), (80 bytes).
    Removing scscl.o(i.ReadMove), (56 bytes).
    Removing scscl.o(i.ReadPos), (64 bytes).
    Removing scscl.o(i.ReadSpeed), (84 bytes).
    Removing scscl.o(i.ReadTemper), (56 bytes).
    Removing scscl.o(i.ReadVoltage), (56 bytes).
    Removing scscl.o(i.RegWriteAction), (10 bytes).
    Removing scscl.o(i.RegWritePos), (64 bytes).
    Removing scscl.o(i.SyncWritePos), (162 bytes).
    Removing scscl.o(i.WritePWM), (76 bytes).
    Removing scscl.o(i.WritePos), (64 bytes).
    Removing scscl.o(i.getErr), (12 bytes).
    Removing scscl.o(i.unLockEprom), (16 bytes).
    Removing scscl.o(.bss), (15 bytes).
    Removing scscl.o(.data), (4 bytes).
    Removing scserail.o(i.rFlushSCS), (8 bytes).
    Removing scserail.o(i.readSCS), (80 bytes).
    Removing scserail.o(i.wFlushSCS), (36 bytes).
    Removing scserail.o(i.writeSCS), (60 bytes).
    Removing scserail.o(.bss), (128 bytes).
    Removing scserail.o(.data), (5 bytes).
    Removing control.o(i.lanya), (52 bytes).
    Removing scheduler.o(.bss), (36 bytes).
    Removing show.o(i.oled_show), (452 bytes).
    Removing pstwo.o(i.PS2_AnologData), (12 bytes).
    Removing pstwo.o(i.PS2_ClearData), (24 bytes).
    Removing pstwo.o(i.PS2_Cmd), (136 bytes).
    Removing pstwo.o(i.PS2_DataKey), (84 bytes).
    Removing pstwo.o(i.PS2_ReadData), (176 bytes).
    Removing pstwo.o(i.PS2_RedLight), (64 bytes).
    Removing pstwo.o(.bss), (9 bytes).
    Removing pstwo.o(.data), (36 bytes).
    Removing fflti.o(.text), (18 bytes).
    Removing ffltui.o(.text), (10 bytes).
    Removing ffixi.o(.text), (50 bytes).
    Removing cdcmple.o(.text), (48 bytes).

584 unused section(s) (total 33895 bytes) removed from the image.

==============================================================================

Image Symbol Table

    Local Symbols

    Symbol Name                              Value     Ov Type        Size  Object(Section)

    ../clib/microlib/errno.c                 0x00000000   Number         0  errno.o ABSOLUTE
    ../clib/microlib/init/entry.s            0x00000000   Number         0  entry9b.o ABSOLUTE
    ../clib/microlib/init/entry.s            0x00000000   Number         0  entry.o ABSOLUTE
    ../clib/microlib/init/entry.s            0x00000000   Number         0  entry11b.o ABSOLUTE
    ../clib/microlib/init/entry.s            0x00000000   Number         0  entry11a.o ABSOLUTE
    ../clib/microlib/init/entry.s            0x00000000   Number         0  entry10a.o ABSOLUTE
    ../clib/microlib/init/entry.s            0x00000000   Number         0  entry10b.o ABSOLUTE
    ../clib/microlib/init/entry.s            0x00000000   Number         0  entry9a.o ABSOLUTE
    ../clib/microlib/init/entry.s            0x00000000   Number         0  entry8b.o ABSOLUTE
    ../clib/microlib/init/entry.s            0x00000000   Number         0  entry8a.o ABSOLUTE
    ../clib/microlib/init/entry.s            0x00000000   Number         0  entry7b.o ABSOLUTE
    ../clib/microlib/init/entry.s            0x00000000   Number         0  entry7a.o ABSOLUTE
    ../clib/microlib/init/entry.s            0x00000000   Number         0  entry5.o ABSOLUTE
    ../clib/microlib/init/entry.s            0x00000000   Number         0  entry2.o ABSOLUTE
    ../clib/microlib/longlong.c              0x00000000   Number         0  llsshr.o ABSOLUTE
    ../clib/microlib/longlong.c              0x00000000   Number         0  llushr.o ABSOLUTE
    ../clib/microlib/longlong.c              0x00000000   Number         0  llshl.o ABSOLUTE
    ../clib/microlib/stubs.s                 0x00000000   Number         0  iusefp.o ABSOLUTE
    ../fplib/microlib/d2f.c                  0x00000000   Number         0  d2f.o ABSOLUTE
    ../fplib/microlib/f2d.c                  0x00000000   Number         0  f2d.o ABSOLUTE
    ../fplib/microlib/fpadd.c                0x00000000   Number         0  fadd.o ABSOLUTE
    ../fplib/microlib/fpadd.c                0x00000000   Number         0  dadd.o ABSOLUTE
    ../fplib/microlib/fpdiv.c                0x00000000   Number         0  fdiv.o ABSOLUTE
    ../fplib/microlib/fpdiv.c                0x00000000   Number         0  ddiv.o ABSOLUTE
    ../fplib/microlib/fpepilogue.c           0x00000000   Number         0  fepilogue.o ABSOLUTE
    ../fplib/microlib/fpepilogue.c           0x00000000   Number         0  depilogue.o ABSOLUTE
    ../fplib/microlib/fpfix.c                0x00000000   Number         0  ffixi.o ABSOLUTE
    ../fplib/microlib/fpfix.c                0x00000000   Number         0  ffixui.o ABSOLUTE
    ../fplib/microlib/fpfix.c                0x00000000   Number         0  dfixui.o ABSOLUTE
    ../fplib/microlib/fpflt.c                0x00000000   Number         0  dflti.o ABSOLUTE
    ../fplib/microlib/fpflt.c                0x00000000   Number         0  fflti.o ABSOLUTE
    ../fplib/microlib/fpflt.c                0x00000000   Number         0  ffltui.o ABSOLUTE
    ../fplib/microlib/fpmul.c                0x00000000   Number         0  dmul.o ABSOLUTE
    ../fplib/microlib/fpmul.c                0x00000000   Number         0  fmul.o ABSOLUTE
    ../fplib/microlib/fpscalb.c              0x00000000   Number         0  dscalb.o ABSOLUTE
    ../fplib/microlib/fpsqrt.c               0x00000000   Number         0  dsqrt.o ABSOLUTE
    ../mathlib/acos.c                        0x00000000   Number         0  acos.o ABSOLUTE
    ../mathlib/acos.c                        0x00000000   Number         0  acos_x.o ABSOLUTE
    ../mathlib/atan.c                        0x00000000   Number         0  atan.o ABSOLUTE
    ../mathlib/atan.c                        0x00000000   Number         0  atan_x.o ABSOLUTE
    ../mathlib/atan2.c                       0x00000000   Number         0  atan2.o ABSOLUTE
    ../mathlib/atan2.c                       0x00000000   Number         0  atan2_x.o ABSOLUTE
    ../mathlib/dunder.c                      0x00000000   Number         0  dunder.o ABSOLUTE
    ../mathlib/fpclassify.c                  0x00000000   Number         0  fpclassify.o ABSOLUTE
    ../mathlib/poly.c                        0x00000000   Number         0  poly.o ABSOLUTE
    ../mathlib/qnan.c                        0x00000000   Number         0  qnan.o ABSOLUTE
    ../mathlib/sqrt.c                        0x00000000   Number         0  sqrt.o ABSOLUTE
    ../mathlib/sqrt.c                        0x00000000   Number         0  sqrt_x.o ABSOLUTE
    Libraries\CMSIS\core_cm3.c               0x00000000   Number         0  core_cm3.o ABSOLUTE
    Libraries\CMSIS\startup_stm32f10x_md.s   0x00000000   Number         0  startup_stm32f10x_md.o ABSOLUTE
    Libraries\CMSIS\stm32f10x_it.c           0x00000000   Number         0  stm32f10x_it.o ABSOLUTE
    Libraries\CMSIS\system_stm32f10x.c       0x00000000   Number         0  system_stm32f10x.o ABSOLUTE
    Libraries\STM32F10x_FWLib\src\misc.c     0x00000000   Number         0  misc.o ABSOLUTE
    Libraries\STM32F10x_FWLib\src\stm32f10x_adc.c 0x00000000   Number         0  stm32f10x_adc.o ABSOLUTE
    Libraries\STM32F10x_FWLib\src\stm32f10x_bkp.c 0x00000000   Number         0  stm32f10x_bkp.o ABSOLUTE
    Libraries\STM32F10x_FWLib\src\stm32f10x_can.c 0x00000000   Number         0  stm32f10x_can.o ABSOLUTE
    Libraries\STM32F10x_FWLib\src\stm32f10x_cec.c 0x00000000   Number         0  stm32f10x_cec.o ABSOLUTE
    Libraries\STM32F10x_FWLib\src\stm32f10x_crc.c 0x00000000   Number         0  stm32f10x_crc.o ABSOLUTE
    Libraries\STM32F10x_FWLib\src\stm32f10x_dac.c 0x00000000   Number         0  stm32f10x_dac.o ABSOLUTE
    Libraries\STM32F10x_FWLib\src\stm32f10x_dbgmcu.c 0x00000000   Number         0  stm32f10x_dbgmcu.o ABSOLUTE
    Libraries\STM32F10x_FWLib\src\stm32f10x_dma.c 0x00000000   Number         0  stm32f10x_dma.o ABSOLUTE
    Libraries\STM32F10x_FWLib\src\stm32f10x_exti.c 0x00000000   Number         0  stm32f10x_exti.o ABSOLUTE
    Libraries\STM32F10x_FWLib\src\stm32f10x_flash.c 0x00000000   Number         0  stm32f10x_flash.o ABSOLUTE
    Libraries\STM32F10x_FWLib\src\stm32f10x_fsmc.c 0x00000000   Number         0  stm32f10x_fsmc.o ABSOLUTE
    Libraries\STM32F10x_FWLib\src\stm32f10x_gpio.c 0x00000000   Number         0  stm32f10x_gpio.o ABSOLUTE
    Libraries\STM32F10x_FWLib\src\stm32f10x_i2c.c 0x00000000   Number         0  stm32f10x_i2c.o ABSOLUTE
    Libraries\STM32F10x_FWLib\src\stm32f10x_iwdg.c 0x00000000   Number         0  stm32f10x_iwdg.o ABSOLUTE
    Libraries\STM32F10x_FWLib\src\stm32f10x_pwr.c 0x00000000   Number         0  stm32f10x_pwr.o ABSOLUTE
    Libraries\STM32F10x_FWLib\src\stm32f10x_rcc.c 0x00000000   Number         0  stm32f10x_rcc.o ABSOLUTE
    Libraries\STM32F10x_FWLib\src\stm32f10x_rtc.c 0x00000000   Number         0  stm32f10x_rtc.o ABSOLUTE
    Libraries\STM32F10x_FWLib\src\stm32f10x_sdio.c 0x00000000   Number         0  stm32f10x_sdio.o ABSOLUTE
    Libraries\STM32F10x_FWLib\src\stm32f10x_spi.c 0x00000000   Number         0  stm32f10x_spi.o ABSOLUTE
    Libraries\STM32F10x_FWLib\src\stm32f10x_tim.c 0x00000000   Number         0  stm32f10x_tim.o ABSOLUTE
    Libraries\STM32F10x_FWLib\src\stm32f10x_usart.c 0x00000000   Number         0  stm32f10x_usart.o ABSOLUTE
    Libraries\STM32F10x_FWLib\src\stm32f10x_wwdg.c 0x00000000   Number         0  stm32f10x_wwdg.o ABSOLUTE
    Libraries\\CMSIS\\core_cm3.c             0x00000000   Number         0  core_cm3.o ABSOLUTE
    SRC\\drivers\\sys.c                      0x00000000   Number         0  sys.o ABSOLUTE
    SRC\applications\Scheduler.c             0x00000000   Number         0  scheduler.o ABSOLUTE
    SRC\applications\config.c                0x00000000   Number         0  config.o ABSOLUTE
    SRC\applications\control.c               0x00000000   Number         0  control.o ABSOLUTE
    SRC\applications\main.c                  0x00000000   Number         0  main_1.o ABSOLUTE
    SRC\applications\mearm.c                 0x00000000   Number         0  mearm.o ABSOLUTE
    SRC\applications\my_math.c               0x00000000   Number         0  my_math_1.o ABSOLUTE
    SRC\applications\pstwo.c                 0x00000000   Number         0  pstwo.o ABSOLUTE
    SRC\applications\servo.c                 0x00000000   Number         0  servo.o ABSOLUTE
    SRC\applications\show.c                  0x00000000   Number         0  show.o ABSOLUTE
    SRC\drivers\DT.c                         0x00000000   Number         0  dt.o ABSOLUTE
    SRC\drivers\SCS.c                        0x00000000   Number         0  scs.o ABSOLUTE
    SRC\drivers\SCSCL.c                      0x00000000   Number         0  scscl.o ABSOLUTE
    SRC\drivers\SCSerail.c                   0x00000000   Number         0  scserail.o ABSOLUTE
    SRC\drivers\filter.c                     0x00000000   Number         0  filter.o ABSOLUTE
    SRC\drivers\hcsr04.c                     0x00000000   Number         0  hcsr04.o ABSOLUTE
    SRC\drivers\mpu6050.c                    0x00000000   Number         0  mpu6050.o ABSOLUTE
    SRC\drivers\mpu9250.c                    0x00000000   Number         0  mpu9250.o ABSOLUTE
    SRC\drivers\mpuiic.c                     0x00000000   Number         0  mpuiic.o ABSOLUTE
    SRC\drivers\oled.c                       0x00000000   Number         0  oled.o ABSOLUTE
    SRC\drivers\oled_spi.c                   0x00000000   Number         0  oled_spi.o ABSOLUTE
    SRC\drivers\openmv.c                     0x00000000   Number         0  openmv.o ABSOLUTE
    SRC\drivers\pwm.c                        0x00000000   Number         0  pwm.o ABSOLUTE
    SRC\drivers\sys.c                        0x00000000   Number         0  sys.o ABSOLUTE
    SRC\drivers\time.c                       0x00000000   Number         0  time.o ABSOLUTE
    SRC\drivers\uart2.c                      0x00000000   Number         0  uart2.o ABSOLUTE
    SRC\drivers\usart.c                      0x00000000   Number         0  usart.o ABSOLUTE
    SRC\drivers\usart3.c                     0x00000000   Number         0  usart3.o ABSOLUTE
    cdcmple.s                                0x00000000   Number         0  cdcmple.o ABSOLUTE
    cfcmple.s                                0x00000000   Number         0  cfcmple.o ABSOLUTE
    cfrcmple.s                               0x00000000   Number         0  cfrcmple.o ABSOLUTE
    dc.s                                     0x00000000   Number         0  dc.o ABSOLUTE
    handlers.s                               0x00000000   Number         0  handlers.o ABSOLUTE
    init.s                                   0x00000000   Number         0  init.o ABSOLUTE
    RESET                                    0x08000000   Section      236  startup_stm32f10x_md.o(RESET)
    .ARM.Collect$$$$00000000                 0x080000ec   Section        0  entry.o(.ARM.Collect$$$$00000000)
    .ARM.Collect$$$$00000001                 0x080000ec   Section        4  entry2.o(.ARM.Collect$$$$00000001)
    .ARM.Collect$$$$00000004                 0x080000f0   Section        4  entry5.o(.ARM.Collect$$$$00000004)
    .ARM.Collect$$$$00000008                 0x080000f4   Section        0  entry7b.o(.ARM.Collect$$$$00000008)
    .ARM.Collect$$$$0000000A                 0x080000f4   Section        0  entry8b.o(.ARM.Collect$$$$0000000A)
    .ARM.Collect$$$$0000000B                 0x080000f4   Section        8  entry9a.o(.ARM.Collect$$$$0000000B)
    .ARM.Collect$$$$0000000D                 0x080000fc   Section        0  entry10a.o(.ARM.Collect$$$$0000000D)
    .ARM.Collect$$$$0000000F                 0x080000fc   Section        0  entry11a.o(.ARM.Collect$$$$0000000F)
    .ARM.Collect$$$$00002712                 0x080000fc   Section        4  entry2.o(.ARM.Collect$$$$00002712)
    __lit__00000000                          0x080000fc   Data           4  entry2.o(.ARM.Collect$$$$00002712)
    .text                                    0x08000100   Section       36  startup_stm32f10x_md.o(.text)
    .text                                    0x08000124   Section        0  fadd.o(.text)
    .text                                    0x080001d4   Section        0  fmul.o(.text)
    .text                                    0x08000238   Section        0  fdiv.o(.text)
    .text                                    0x080002b4   Section        0  dadd.o(.text)
    .text                                    0x08000402   Section        0  dmul.o(.text)
    .text                                    0x080004e6   Section        0  ddiv.o(.text)
    .text                                    0x080005c4   Section        0  dflti.o(.text)
    .text                                    0x080005e6   Section        0  ffixui.o(.text)
    .text                                    0x0800060e   Section        0  dfixui.o(.text)
    .text                                    0x08000640   Section        0  f2d.o(.text)
    .text                                    0x08000666   Section        0  d2f.o(.text)
    .text                                    0x080006a0   Section       20  cfcmple.o(.text)
    .text                                    0x080006b4   Section       20  cfrcmple.o(.text)
    .text                                    0x080006c8   Section        0  llshl.o(.text)
    .text                                    0x080006e6   Section        0  llushr.o(.text)
    .text                                    0x08000706   Section        0  llsshr.o(.text)
    .text                                    0x0800072a   Section        0  fepilogue.o(.text)
    .text                                    0x0800072a   Section        0  iusefp.o(.text)
    .text                                    0x08000798   Section        0  depilogue.o(.text)
    .text                                    0x08000852   Section        0  dscalb.o(.text)
    .text                                    0x08000880   Section        0  dsqrt.o(.text)
    .text                                    0x08000924   Section       36  init.o(.text)
    i.BusFault_Handler                       0x08000948   Section        0  stm32f10x_it.o(i.BusFault_Handler)
    i.DebugMon_Handler                       0x0800094c   Section        0  stm32f10x_it.o(i.DebugMon_Handler)
    i.Delay_ms                               0x0800094e   Section        0  time.o(i.Delay_ms)
    i.Delay_us                               0x08000966   Section        0  time.o(i.Delay_us)
    i.GPIO_Init                              0x0800097e   Section        0  stm32f10x_gpio.o(i.GPIO_Init)
    i.GetSysTime_us                          0x08000a94   Section        0  time.o(i.GetSysTime_us)
    i.HardFault_Handler                      0x08000ad4   Section        0  stm32f10x_it.o(i.HardFault_Handler)
    i.Inverse_Kinematics                     0x08000ad8   Section        0  mearm.o(i.Inverse_Kinematics)
    i.Loop_1000Hz                            0x08000f14   Section        0  scheduler.o(i.Loop_1000Hz)
    Loop_1000Hz                              0x08000f15   Thumb Code     2  scheduler.o(i.Loop_1000Hz)
    i.Loop_100Hz                             0x08000f16   Section        0  scheduler.o(i.Loop_100Hz)
    Loop_100Hz                               0x08000f17   Thumb Code     2  scheduler.o(i.Loop_100Hz)
    i.Loop_10Hz                              0x08000f18   Section        0  scheduler.o(i.Loop_10Hz)
    Loop_10Hz                                0x08000f19   Thumb Code     2  scheduler.o(i.Loop_10Hz)
    i.Loop_200Hz                             0x08000f1a   Section        0  scheduler.o(i.Loop_200Hz)
    Loop_200Hz                               0x08000f1b   Thumb Code     2  scheduler.o(i.Loop_200Hz)
    i.Loop_20Hz                              0x08000f1c   Section        0  scheduler.o(i.Loop_20Hz)
    Loop_20Hz                                0x08000f1d   Thumb Code     2  scheduler.o(i.Loop_20Hz)
    i.Loop_2Hz                               0x08000f1e   Section        0  scheduler.o(i.Loop_2Hz)
    Loop_2Hz                                 0x08000f1f   Thumb Code     2  scheduler.o(i.Loop_2Hz)
    i.Loop_500Hz                             0x08000f20   Section        0  scheduler.o(i.Loop_500Hz)
    Loop_500Hz                               0x08000f21   Thumb Code     8  scheduler.o(i.Loop_500Hz)
    i.Loop_50Hz                              0x08000f28   Section        0  scheduler.o(i.Loop_50Hz)
    Loop_50Hz                                0x08000f29   Thumb Code     2  scheduler.o(i.Loop_50Hz)
    i.MemManage_Handler                      0x08000f2a   Section        0  stm32f10x_it.o(i.MemManage_Handler)
    i.NMI_Handler                            0x08000f2e   Section        0  stm32f10x_it.o(i.NMI_Handler)
    i.NVIC_Init                              0x08000f30   Section        0  misc.o(i.NVIC_Init)
    i.NVIC_PriorityGroupConfig               0x08000fa0   Section        0  misc.o(i.NVIC_PriorityGroupConfig)
    i.OpenMV_Byte_Get                        0x08000fb4   Section        0  openmv.o(i.OpenMV_Byte_Get)
    i.OpenMV_Check_Reset                     0x080010c0   Section        0  openmv.o(i.OpenMV_Check_Reset)
    OpenMV_Check_Reset                       0x080010c1   Thumb Code    12  openmv.o(i.OpenMV_Check_Reset)
    i.OpenMV_Data_Analysis                   0x080010d4   Section        0  openmv.o(i.OpenMV_Data_Analysis)
    OpenMV_Data_Analysis                     0x080010d5   Thumb Code   194  openmv.o(i.OpenMV_Data_Analysis)
    i.PS2_Init                               0x080011a8   Section        0  pstwo.o(i.PS2_Init)
    i.PendSV_Handler                         0x080011fc   Section        0  stm32f10x_it.o(i.PendSV_Handler)
    i.RCC_APB1PeriphClockCmd                 0x08001200   Section        0  stm32f10x_rcc.o(i.RCC_APB1PeriphClockCmd)
    i.RCC_APB1PeriphResetCmd                 0x08001220   Section        0  stm32f10x_rcc.o(i.RCC_APB1PeriphResetCmd)
    i.RCC_APB2PeriphClockCmd                 0x08001240   Section        0  stm32f10x_rcc.o(i.RCC_APB2PeriphClockCmd)
    i.RCC_APB2PeriphResetCmd                 0x08001260   Section        0  stm32f10x_rcc.o(i.RCC_APB2PeriphResetCmd)
    i.RCC_GetClocksFreq                      0x08001280   Section        0  stm32f10x_rcc.o(i.RCC_GetClocksFreq)
    i.SVC_Handler                            0x08001354   Section        0  stm32f10x_it.o(i.SVC_Handler)
    i.Scheduler_Run                          0x08001358   Section        0  scheduler.o(i.Scheduler_Run)
    i.Scheduler_Setup                        0x080013a8   Section        0  scheduler.o(i.Scheduler_Setup)
    i.SetSysClock                            0x080013f8   Section        0  system_stm32f10x.o(i.SetSysClock)
    SetSysClock                              0x080013f9   Thumb Code     8  system_stm32f10x.o(i.SetSysClock)
    i.SetSysClockTo72                        0x08001400   Section        0  system_stm32f10x.o(i.SetSysClockTo72)
    SetSysClockTo72                          0x08001401   Thumb Code   214  system_stm32f10x.o(i.SetSysClockTo72)
    i.SysTick_CLKSourceConfig                0x080014e0   Section        0  misc.o(i.SysTick_CLKSourceConfig)
    i.SysTick_Configuration                  0x08001508   Section        0  time.o(i.SysTick_Configuration)
    i.SysTick_GetTick                        0x08001574   Section        0  time.o(i.SysTick_GetTick)
    i.SysTick_Handler                        0x08001580   Section        0  time.o(i.SysTick_Handler)
    i.SystemInit                             0x08001598   Section        0  system_stm32f10x.o(i.SystemInit)
    i.TIM2_PWM_Init                          0x080015f8   Section        0  pwm.o(i.TIM2_PWM_Init)
    i.TIM4_IRQHandler                        0x080016c4   Section        0  control.o(i.TIM4_IRQHandler)
    i.TIM_ARRPreloadConfig                   0x080016dc   Section        0  stm32f10x_tim.o(i.TIM_ARRPreloadConfig)
    i.TIM_CONF                               0x080016f4   Section        0  time.o(i.TIM_CONF)
    i.TIM_ClearFlag                          0x0800174c   Section        0  stm32f10x_tim.o(i.TIM_ClearFlag)
    i.TIM_ClearITPendingBit                  0x08001752   Section        0  stm32f10x_tim.o(i.TIM_ClearITPendingBit)
    i.TIM_Cmd                                0x08001758   Section        0  stm32f10x_tim.o(i.TIM_Cmd)
    i.TIM_CtrlPWMOutputs                     0x08001770   Section        0  stm32f10x_tim.o(i.TIM_CtrlPWMOutputs)
    i.TIM_DeInit                             0x08001790   Section        0  stm32f10x_tim.o(i.TIM_DeInit)
    i.TIM_GetITStatus                        0x08001978   Section        0  stm32f10x_tim.o(i.TIM_GetITStatus)
    i.TIM_INIT                               0x0800199a   Section        0  time.o(i.TIM_INIT)
    i.TIM_ITConfig                           0x080019ae   Section        0  stm32f10x_tim.o(i.TIM_ITConfig)
    i.TIM_NVIC                               0x080019c0   Section        0  time.o(i.TIM_NVIC)
    i.TIM_OC1Init                            0x080019e4   Section        0  stm32f10x_tim.o(i.TIM_OC1Init)
    i.TIM_OC1PreloadConfig                   0x08001a7c   Section        0  stm32f10x_tim.o(i.TIM_OC1PreloadConfig)
    i.TIM_OC2Init                            0x08001a90   Section        0  stm32f10x_tim.o(i.TIM_OC2Init)
    i.TIM_OC2PreloadConfig                   0x08001b34   Section        0  stm32f10x_tim.o(i.TIM_OC2PreloadConfig)
    i.TIM_OC3Init                            0x08001b50   Section        0  stm32f10x_tim.o(i.TIM_OC3Init)
    i.TIM_OC3PreloadConfig                   0x08001bf0   Section        0  stm32f10x_tim.o(i.TIM_OC3PreloadConfig)
    i.TIM_OC4Init                            0x08001c04   Section        0  stm32f10x_tim.o(i.TIM_OC4Init)
    i.TIM_OC4PreloadConfig                   0x08001c80   Section        0  stm32f10x_tim.o(i.TIM_OC4PreloadConfig)
    i.TIM_SetCompare1                        0x08001c9a   Section        0  stm32f10x_tim.o(i.TIM_SetCompare1)
    i.TIM_SetCompare2                        0x08001c9e   Section        0  stm32f10x_tim.o(i.TIM_SetCompare2)
    i.TIM_SetCompare3                        0x08001ca2   Section        0  stm32f10x_tim.o(i.TIM_SetCompare3)
    i.TIM_SetCompare4                        0x08001ca6   Section        0  stm32f10x_tim.o(i.TIM_SetCompare4)
    i.TIM_TimeBaseInit                       0x08001cac   Section        0  stm32f10x_tim.o(i.TIM_TimeBaseInit)
    i.USART1_IRQHandler                      0x08001d50   Section        0  usart.o(i.USART1_IRQHandler)
    i.USART2_IRQHandler                      0x08001dd8   Section        0  uart2.o(i.USART2_IRQHandler)
    i.USART3_IRQHandler                      0x08001e18   Section        0  usart3.o(i.USART3_IRQHandler)
    i.USART_ClearITPendingBit                0x08001eac   Section        0  stm32f10x_usart.o(i.USART_ClearITPendingBit)
    i.USART_Cmd                              0x08001eca   Section        0  stm32f10x_usart.o(i.USART_Cmd)
    i.USART_GetITStatus                      0x08001ee2   Section        0  stm32f10x_usart.o(i.USART_GetITStatus)
    i.USART_ITConfig                         0x08001f36   Section        0  stm32f10x_usart.o(i.USART_ITConfig)
    i.USART_Init                             0x08001f80   Section        0  stm32f10x_usart.o(i.USART_Init)
    i.USART_ReceiveData                      0x08002058   Section        0  stm32f10x_usart.o(i.USART_ReceiveData)
    i.UsageFault_Handler                     0x08002062   Section        0  stm32f10x_it.o(i.UsageFault_Handler)
    i.__ARM_fpclassify                       0x08002066   Section        0  fpclassify.o(i.__ARM_fpclassify)
    i.__kernel_poly                          0x0800208e   Section        0  poly.o(i.__kernel_poly)
    i.__mathlib_dbl_infnan                   0x08002138   Section        0  dunder.o(i.__mathlib_dbl_infnan)
    i.__mathlib_dbl_invalid                  0x0800213e   Section        0  dunder.o(i.__mathlib_dbl_invalid)
    i.__mathlib_dbl_underflow                0x0800214c   Section        0  dunder.o(i.__mathlib_dbl_underflow)
    i.__scatterload_copy                     0x0800215c   Section       14  handlers.o(i.__scatterload_copy)
    i.__scatterload_null                     0x0800216a   Section        2  handlers.o(i.__scatterload_null)
    i.__scatterload_zeroinit                 0x0800216c   Section       14  handlers.o(i.__scatterload_zeroinit)
    i.__set_errno                            0x0800217c   Section        0  errno.o(i.__set_errno)
    i.acos                                   0x08002188   Section        0  acos.o(i.acos)
    i.atan                                   0x08002404   Section        0  atan.o(i.atan)
    i.data_config                            0x08002624   Section        0  config.o(i.data_config)
    i.init_config                            0x08002628   Section        0  config.o(i.init_config)
    i.main                                   0x08002658   Section        0  main_1.o(i.main)
    i.mearm_control                          0x08002668   Section        0  mearm.o(i.mearm_control)
    i.mearm_servo_output                     0x08002728   Section        0  mearm.o(i.mearm_servo_output)
    i.pliers_servo                           0x08002790   Section        0  mearm.o(i.pliers_servo)
    i.position                               0x08002800   Section        0  mearm.o(i.position)
    i.pwm_servo_init                         0x08002888   Section        0  servo.o(i.pwm_servo_init)
    i.sqrt                                   0x08002896   Section        0  sqrt.o(i.sqrt)
    i.sys_time                               0x080028e4   Section        0  time.o(i.sys_time)
    i.trajectory                             0x080028f4   Section        0  mearm.o(i.trajectory)
    i.uart_init                              0x08002a30   Section        0  usart.o(i.uart_init)
    .constdata                               0x08002ad0   Section       80  acos.o(.constdata)
    pS                                       0x08002ad0   Data          48  acos.o(.constdata)
    qS                                       0x08002b00   Data          32  acos.o(.constdata)
    .constdata                               0x08002b20   Section      152  atan.o(.constdata)
    atanhi                                   0x08002b20   Data          32  atan.o(.constdata)
    atanlo                                   0x08002b40   Data          32  atan.o(.constdata)
    aTodd                                    0x08002b60   Data          40  atan.o(.constdata)
    aTeven                                   0x08002b88   Data          48  atan.o(.constdata)
    .data                                    0x20000000   Section       20  system_stm32f10x.o(.data)
    .data                                    0x20000014   Section       20  stm32f10x_rcc.o(.data)
    APBAHBPrescTable                         0x20000014   Data          16  stm32f10x_rcc.o(.data)
    ADCPrescTable                            0x20000024   Data           4  stm32f10x_rcc.o(.data)
    .data                                    0x20000028   Section       10  openmv.o(.data)
    len                                      0x20000030   Data           1  openmv.o(.data)
    rec_sta                                  0x20000031   Data           1  openmv.o(.data)
    .data                                    0x20000034   Section        8  time.o(.data)
    .data                                    0x2000003c   Section        3  usart.o(.data)
    TxCounter                                0x2000003d   Data           1  usart.o(.data)
    count                                    0x2000003e   Data           1  usart.o(.data)
    .data                                    0x20000040   Section        8  uart2.o(.data)
    .data                                    0x20000048   Section        2  usart3.o(.data)
    TxCounter                                0x20000048   Data           1  usart3.o(.data)
    count                                    0x20000049   Data           1  usart3.o(.data)
    .data                                    0x2000004c   Section       96  scheduler.o(.data)
    sched_tasks                              0x2000004c   Data          96  scheduler.o(.data)
    .data                                    0x200000ac   Section       16  mearm.o(.data)
    .data                                    0x200000bc   Section        4  errno.o(.data)
    _errno                                   0x200000bc   Data           4  errno.o(.data)
    .bss                                     0x200000c0   Section       46  openmv.o(.bss)
    .bss                                     0x200000ee   Section      256  usart.o(.bss)
    TxBuffer                                 0x200000ee   Data         256  usart.o(.bss)
    .bss                                     0x200001ee   Section      128  uart2.o(.bss)
    .bss                                     0x2000026e   Section      256  usart3.o(.bss)
    TxBuffer                                 0x2000026e   Data         256  usart3.o(.bss)
    .bss                                     0x20000370   Section       44  mearm.o(.bss)
    STACK                                    0x200003a0   Section     1024  startup_stm32f10x_md.o(STACK)

    Global Symbols

    Symbol Name                              Value     Ov Type        Size  Object(Section)

    BuildAttributes$$THM_ISAv4$P$D$K$B$S$PE$A:L22UL41UL21$X:L11$S22US41US21$IEEE1$IW$USESV6$~STKCKD$USESV7$~SHL$OTIME$ROPI$IEEEX$EBA8$MICROLIB$REQ8$PRES8$EABIv2 0x00000000   Number         0  anon$$obj.o ABSOLUTE
    __ARM_use_no_argv                        0x00000000   Number         0  main_1.o ABSOLUTE
    __cpp_initialize__aeabi_                  - Undefined Weak Reference
    __cxa_finalize                            - Undefined Weak Reference
    __decompress                              - Undefined Weak Reference
    _clock_init                               - Undefined Weak Reference
    _microlib_exit                            - Undefined Weak Reference
    __Vectors_Size                           0x000000ec   Number         0  startup_stm32f10x_md.o ABSOLUTE
    __Vectors                                0x08000000   Data           4  startup_stm32f10x_md.o(RESET)
    __Vectors_End                            0x080000ec   Data           0  startup_stm32f10x_md.o(RESET)
    __main                                   0x080000ed   Thumb Code     0  entry.o(.ARM.Collect$$$$00000000)
    _main_stk                                0x080000ed   Thumb Code     0  entry2.o(.ARM.Collect$$$$00000001)
    _main_scatterload                        0x080000f1   Thumb Code     0  entry5.o(.ARM.Collect$$$$00000004)
    __main_after_scatterload                 0x080000f5   Thumb Code     0  entry5.o(.ARM.Collect$$$$00000004)
    _main_clock                              0x080000f5   Thumb Code     0  entry7b.o(.ARM.Collect$$$$00000008)
    _main_cpp_init                           0x080000f5   Thumb Code     0  entry8b.o(.ARM.Collect$$$$0000000A)
    _main_init                               0x080000f5   Thumb Code     0  entry9a.o(.ARM.Collect$$$$0000000B)
    __rt_final_cpp                           0x080000fd   Thumb Code     0  entry10a.o(.ARM.Collect$$$$0000000D)
    __rt_final_exit                          0x080000fd   Thumb Code     0  entry11a.o(.ARM.Collect$$$$0000000F)
    Reset_Handler                            0x08000101   Thumb Code     8  startup_stm32f10x_md.o(.text)
    ADC1_2_IRQHandler                        0x0800011b   Thumb Code     0  startup_stm32f10x_md.o(.text)
    CAN1_RX1_IRQHandler                      0x0800011b   Thumb Code     0  startup_stm32f10x_md.o(.text)
    CAN1_SCE_IRQHandler                      0x0800011b   Thumb Code     0  startup_stm32f10x_md.o(.text)
    DMA1_Channel1_IRQHandler                 0x0800011b   Thumb Code     0  startup_stm32f10x_md.o(.text)
    DMA1_Channel2_IRQHandler                 0x0800011b   Thumb Code     0  startup_stm32f10x_md.o(.text)
    DMA1_Channel3_IRQHandler                 0x0800011b   Thumb Code     0  startup_stm32f10x_md.o(.text)
    DMA1_Channel4_IRQHandler                 0x0800011b   Thumb Code     0  startup_stm32f10x_md.o(.text)
    DMA1_Channel5_IRQHandler                 0x0800011b   Thumb Code     0  startup_stm32f10x_md.o(.text)
    DMA1_Channel6_IRQHandler                 0x0800011b   Thumb Code     0  startup_stm32f10x_md.o(.text)
    DMA1_Channel7_IRQHandler                 0x0800011b   Thumb Code     0  startup_stm32f10x_md.o(.text)
    EXTI0_IRQHandler                         0x0800011b   Thumb Code     0  startup_stm32f10x_md.o(.text)
    EXTI15_10_IRQHandler                     0x0800011b   Thumb Code     0  startup_stm32f10x_md.o(.text)
    EXTI1_IRQHandler                         0x0800011b   Thumb Code     0  startup_stm32f10x_md.o(.text)
    EXTI2_IRQHandler                         0x0800011b   Thumb Code     0  startup_stm32f10x_md.o(.text)
    EXTI3_IRQHandler                         0x0800011b   Thumb Code     0  startup_stm32f10x_md.o(.text)
    EXTI4_IRQHandler                         0x0800011b   Thumb Code     0  startup_stm32f10x_md.o(.text)
    EXTI9_5_IRQHandler                       0x0800011b   Thumb Code     0  startup_stm32f10x_md.o(.text)
    FLASH_IRQHandler                         0x0800011b   Thumb Code     0  startup_stm32f10x_md.o(.text)
    I2C1_ER_IRQHandler                       0x0800011b   Thumb Code     0  startup_stm32f10x_md.o(.text)
    I2C1_EV_IRQHandler                       0x0800011b   Thumb Code     0  startup_stm32f10x_md.o(.text)
    I2C2_ER_IRQHandler                       0x0800011b   Thumb Code     0  startup_stm32f10x_md.o(.text)
    I2C2_EV_IRQHandler                       0x0800011b   Thumb Code     0  startup_stm32f10x_md.o(.text)
    PVD_IRQHandler                           0x0800011b   Thumb Code     0  startup_stm32f10x_md.o(.text)
    RCC_IRQHandler                           0x0800011b   Thumb Code     0  startup_stm32f10x_md.o(.text)
    RTCAlarm_IRQHandler                      0x0800011b   Thumb Code     0  startup_stm32f10x_md.o(.text)
    RTC_IRQHandler                           0x0800011b   Thumb Code     0  startup_stm32f10x_md.o(.text)
    SPI1_IRQHandler                          0x0800011b   Thumb Code     0  startup_stm32f10x_md.o(.text)
    SPI2_IRQHandler                          0x0800011b   Thumb Code     0  startup_stm32f10x_md.o(.text)
    TAMPER_IRQHandler                        0x0800011b   Thumb Code     0  startup_stm32f10x_md.o(.text)
    TIM1_BRK_IRQHandler                      0x0800011b   Thumb Code     0  startup_stm32f10x_md.o(.text)
    TIM1_CC_IRQHandler                       0x0800011b   Thumb Code     0  startup_stm32f10x_md.o(.text)
    TIM1_TRG_COM_IRQHandler                  0x0800011b   Thumb Code     0  startup_stm32f10x_md.o(.text)
    TIM1_UP_IRQHandler                       0x0800011b   Thumb Code     0  startup_stm32f10x_md.o(.text)
    TIM2_IRQHandler                          0x0800011b   Thumb Code     0  startup_stm32f10x_md.o(.text)
    TIM3_IRQHandler                          0x0800011b   Thumb Code     0  startup_stm32f10x_md.o(.text)
    USBWakeUp_IRQHandler                     0x0800011b   Thumb Code     0  startup_stm32f10x_md.o(.text)
    USB_HP_CAN1_TX_IRQHandler                0x0800011b   Thumb Code     0  startup_stm32f10x_md.o(.text)
    USB_LP_CAN1_RX0_IRQHandler               0x0800011b   Thumb Code     0  startup_stm32f10x_md.o(.text)
    WWDG_IRQHandler                          0x0800011b   Thumb Code     0  startup_stm32f10x_md.o(.text)
    __aeabi_fadd                             0x08000125   Thumb Code   164  fadd.o(.text)
    __aeabi_fsub                             0x080001c9   Thumb Code     6  fadd.o(.text)
    __aeabi_frsub                            0x080001cf   Thumb Code     6  fadd.o(.text)
    __aeabi_fmul                             0x080001d5   Thumb Code   100  fmul.o(.text)
    __aeabi_fdiv                             0x08000239   Thumb Code   124  fdiv.o(.text)
    __aeabi_dadd                             0x080002b5   Thumb Code   322  dadd.o(.text)
    __aeabi_dsub                             0x080003f7   Thumb Code     6  dadd.o(.text)
    __aeabi_drsub                            0x080003fd   Thumb Code     6  dadd.o(.text)
    __aeabi_dmul                             0x08000403   Thumb Code   228  dmul.o(.text)
    __aeabi_ddiv                             0x080004e7   Thumb Code   222  ddiv.o(.text)
    __aeabi_i2d                              0x080005c5   Thumb Code    34  dflti.o(.text)
    __aeabi_f2uiz                            0x080005e7   Thumb Code    40  ffixui.o(.text)
    __aeabi_d2uiz                            0x0800060f   Thumb Code    50  dfixui.o(.text)
    __aeabi_f2d                              0x08000641   Thumb Code    38  f2d.o(.text)
    __aeabi_d2f                              0x08000667   Thumb Code    56  d2f.o(.text)
    __aeabi_cfcmpeq                          0x080006a1   Thumb Code     0  cfcmple.o(.text)
    __aeabi_cfcmple                          0x080006a1   Thumb Code    20  cfcmple.o(.text)
    __aeabi_cfrcmple                         0x080006b5   Thumb Code    20  cfrcmple.o(.text)
    __aeabi_llsl                             0x080006c9   Thumb Code    30  llshl.o(.text)
    _ll_shift_l                              0x080006c9   Thumb Code     0  llshl.o(.text)
    __aeabi_llsr                             0x080006e7   Thumb Code    32  llushr.o(.text)
    _ll_ushift_r                             0x080006e7   Thumb Code     0  llushr.o(.text)
    __aeabi_lasr                             0x08000707   Thumb Code    36  llsshr.o(.text)
    _ll_sshift_r                             0x08000707   Thumb Code     0  llsshr.o(.text)
    __I$use$fp                               0x0800072b   Thumb Code     0  iusefp.o(.text)
    _float_round                             0x0800072b   Thumb Code    18  fepilogue.o(.text)
    _float_epilogue                          0x0800073d   Thumb Code    92  fepilogue.o(.text)
    _double_round                            0x08000799   Thumb Code    30  depilogue.o(.text)
    _double_epilogue                         0x080007b7   Thumb Code   156  depilogue.o(.text)
    __ARM_scalbn                             0x08000853   Thumb Code    46  dscalb.o(.text)
    scalbn                                   0x08000853   Thumb Code     0  dscalb.o(.text)
    _dsqrt                                   0x08000881   Thumb Code   162  dsqrt.o(.text)
    __scatterload                            0x08000925   Thumb Code    28  init.o(.text)
    __scatterload_rt2                        0x08000925   Thumb Code     0  init.o(.text)
    BusFault_Handler                         0x08000949   Thumb Code     4  stm32f10x_it.o(i.BusFault_Handler)
    DebugMon_Handler                         0x0800094d   Thumb Code     2  stm32f10x_it.o(i.DebugMon_Handler)
    Delay_ms                                 0x0800094f   Thumb Code    24  time.o(i.Delay_ms)
    Delay_us                                 0x08000967   Thumb Code    24  time.o(i.Delay_us)
    GPIO_Init                                0x0800097f   Thumb Code   278  stm32f10x_gpio.o(i.GPIO_Init)
    GetSysTime_us                            0x08000a95   Thumb Code    58  time.o(i.GetSysTime_us)
    HardFault_Handler                        0x08000ad5   Thumb Code     4  stm32f10x_it.o(i.HardFault_Handler)
    Inverse_Kinematics                       0x08000ad9   Thumb Code  1076  mearm.o(i.Inverse_Kinematics)
    MemManage_Handler                        0x08000f2b   Thumb Code     4  stm32f10x_it.o(i.MemManage_Handler)
    NMI_Handler                              0x08000f2f   Thumb Code     2  stm32f10x_it.o(i.NMI_Handler)
    NVIC_Init                                0x08000f31   Thumb Code   100  misc.o(i.NVIC_Init)
    NVIC_PriorityGroupConfig                 0x08000fa1   Thumb Code    10  misc.o(i.NVIC_PriorityGroupConfig)
    OpenMV_Byte_Get                          0x08000fb5   Thumb Code   256  openmv.o(i.OpenMV_Byte_Get)
    PS2_Init                                 0x080011a9   Thumb Code    72  pstwo.o(i.PS2_Init)
    PendSV_Handler                           0x080011fd   Thumb Code     2  stm32f10x_it.o(i.PendSV_Handler)
    RCC_APB1PeriphClockCmd                   0x08001201   Thumb Code    26  stm32f10x_rcc.o(i.RCC_APB1PeriphClockCmd)
    RCC_APB1PeriphResetCmd                   0x08001221   Thumb Code    26  stm32f10x_rcc.o(i.RCC_APB1PeriphResetCmd)
    RCC_APB2PeriphClockCmd                   0x08001241   Thumb Code    26  stm32f10x_rcc.o(i.RCC_APB2PeriphClockCmd)
    RCC_APB2PeriphResetCmd                   0x08001261   Thumb Code    26  stm32f10x_rcc.o(i.RCC_APB2PeriphResetCmd)
    RCC_GetClocksFreq                        0x08001281   Thumb Code   192  stm32f10x_rcc.o(i.RCC_GetClocksFreq)
    SVC_Handler                              0x08001355   Thumb Code     2  stm32f10x_it.o(i.SVC_Handler)
    Scheduler_Run                            0x08001359   Thumb Code    76  scheduler.o(i.Scheduler_Run)
    Scheduler_Setup                          0x080013a9   Thumb Code    76  scheduler.o(i.Scheduler_Setup)
    SysTick_CLKSourceConfig                  0x080014e1   Thumb Code    40  misc.o(i.SysTick_CLKSourceConfig)
    SysTick_Configuration                    0x08001509   Thumb Code    96  time.o(i.SysTick_Configuration)
    SysTick_GetTick                          0x08001575   Thumb Code     6  time.o(i.SysTick_GetTick)
    SysTick_Handler                          0x08001581   Thumb Code    18  time.o(i.SysTick_Handler)
    SystemInit                               0x08001599   Thumb Code    78  system_stm32f10x.o(i.SystemInit)
    TIM2_PWM_Init                            0x080015f9   Thumb Code   200  pwm.o(i.TIM2_PWM_Init)
    TIM4_IRQHandler                          0x080016c5   Thumb Code    20  control.o(i.TIM4_IRQHandler)
    TIM_ARRPreloadConfig                     0x080016dd   Thumb Code    24  stm32f10x_tim.o(i.TIM_ARRPreloadConfig)
    TIM_CONF                                 0x080016f5   Thumb Code    84  time.o(i.TIM_CONF)
    TIM_ClearFlag                            0x0800174d   Thumb Code     6  stm32f10x_tim.o(i.TIM_ClearFlag)
    TIM_ClearITPendingBit                    0x08001753   Thumb Code     6  stm32f10x_tim.o(i.TIM_ClearITPendingBit)
    TIM_Cmd                                  0x08001759   Thumb Code    24  stm32f10x_tim.o(i.TIM_Cmd)
    TIM_CtrlPWMOutputs                       0x08001771   Thumb Code    30  stm32f10x_tim.o(i.TIM_CtrlPWMOutputs)
    TIM_DeInit                               0x08001791   Thumb Code   424  stm32f10x_tim.o(i.TIM_DeInit)
    TIM_GetITStatus                          0x08001979   Thumb Code    34  stm32f10x_tim.o(i.TIM_GetITStatus)
    TIM_INIT                                 0x0800199b   Thumb Code    20  time.o(i.TIM_INIT)
    TIM_ITConfig                             0x080019af   Thumb Code    18  stm32f10x_tim.o(i.TIM_ITConfig)
    TIM_NVIC                                 0x080019c1   Thumb Code    34  time.o(i.TIM_NVIC)
    TIM_OC1Init                              0x080019e5   Thumb Code   132  stm32f10x_tim.o(i.TIM_OC1Init)
    TIM_OC1PreloadConfig                     0x08001a7d   Thumb Code    18  stm32f10x_tim.o(i.TIM_OC1PreloadConfig)
    TIM_OC2Init                              0x08001a91   Thumb Code   154  stm32f10x_tim.o(i.TIM_OC2Init)
    TIM_OC2PreloadConfig                     0x08001b35   Thumb Code    26  stm32f10x_tim.o(i.TIM_OC2PreloadConfig)
    TIM_OC3Init                              0x08001b51   Thumb Code   150  stm32f10x_tim.o(i.TIM_OC3Init)
    TIM_OC3PreloadConfig                     0x08001bf1   Thumb Code    18  stm32f10x_tim.o(i.TIM_OC3PreloadConfig)
    TIM_OC4Init                              0x08001c05   Thumb Code   114  stm32f10x_tim.o(i.TIM_OC4Init)
    TIM_OC4PreloadConfig                     0x08001c81   Thumb Code    26  stm32f10x_tim.o(i.TIM_OC4PreloadConfig)
    TIM_SetCompare1                          0x08001c9b   Thumb Code     4  stm32f10x_tim.o(i.TIM_SetCompare1)
    TIM_SetCompare2                          0x08001c9f   Thumb Code     4  stm32f10x_tim.o(i.TIM_SetCompare2)
    TIM_SetCompare3                          0x08001ca3   Thumb Code     4  stm32f10x_tim.o(i.TIM_SetCompare3)
    TIM_SetCompare4                          0x08001ca7   Thumb Code     6  stm32f10x_tim.o(i.TIM_SetCompare4)
    TIM_TimeBaseInit                         0x08001cad   Thumb Code   122  stm32f10x_tim.o(i.TIM_TimeBaseInit)
    USART1_IRQHandler                        0x08001d51   Thumb Code   114  usart.o(i.USART1_IRQHandler)
    USART2_IRQHandler                        0x08001dd9   Thumb Code    50  uart2.o(i.USART2_IRQHandler)
    USART3_IRQHandler                        0x08001e19   Thumb Code   130  usart3.o(i.USART3_IRQHandler)
    USART_ClearITPendingBit                  0x08001ead   Thumb Code    30  stm32f10x_usart.o(i.USART_ClearITPendingBit)
    USART_Cmd                                0x08001ecb   Thumb Code    24  stm32f10x_usart.o(i.USART_Cmd)
    USART_GetITStatus                        0x08001ee3   Thumb Code    84  stm32f10x_usart.o(i.USART_GetITStatus)
    USART_ITConfig                           0x08001f37   Thumb Code    74  stm32f10x_usart.o(i.USART_ITConfig)
    USART_Init                               0x08001f81   Thumb Code   210  stm32f10x_usart.o(i.USART_Init)
    USART_ReceiveData                        0x08002059   Thumb Code    10  stm32f10x_usart.o(i.USART_ReceiveData)
    UsageFault_Handler                       0x08002063   Thumb Code     4  stm32f10x_it.o(i.UsageFault_Handler)
    __ARM_fpclassify                         0x08002067   Thumb Code    40  fpclassify.o(i.__ARM_fpclassify)
    __kernel_poly                            0x0800208f   Thumb Code   170  poly.o(i.__kernel_poly)
    __mathlib_dbl_infnan                     0x08002139   Thumb Code     6  dunder.o(i.__mathlib_dbl_infnan)
    __mathlib_dbl_invalid                    0x0800213f   Thumb Code    12  dunder.o(i.__mathlib_dbl_invalid)
    __mathlib_dbl_underflow                  0x0800214d   Thumb Code    10  dunder.o(i.__mathlib_dbl_underflow)
    __scatterload_copy                       0x0800215d   Thumb Code    14  handlers.o(i.__scatterload_copy)
    __scatterload_null                       0x0800216b   Thumb Code     2  handlers.o(i.__scatterload_null)
    __scatterload_zeroinit                   0x0800216d   Thumb Code    14  handlers.o(i.__scatterload_zeroinit)
    __set_errno                              0x0800217d   Thumb Code     6  errno.o(i.__set_errno)
    acos                                     0x08002189   Thumb Code   574  acos.o(i.acos)
    atan                                     0x08002405   Thumb Code   474  atan.o(i.atan)
    data_config                              0x08002625   Thumb Code     2  config.o(i.data_config)
    init_config                              0x08002629   Thumb Code    44  config.o(i.init_config)
    main                                     0x08002659   Thumb Code    16  main_1.o(i.main)
    mearm_control                            0x08002669   Thumb Code   150  mearm.o(i.mearm_control)
    mearm_servo_output                       0x08002729   Thumb Code    94  mearm.o(i.mearm_servo_output)
    pliers_servo                             0x08002791   Thumb Code    98  mearm.o(i.pliers_servo)
    position                                 0x08002801   Thumb Code   128  mearm.o(i.position)
    pwm_servo_init                           0x08002889   Thumb Code    14  servo.o(i.pwm_servo_init)
    sqrt                                     0x08002897   Thumb Code    76  sqrt.o(i.sqrt)
    sys_time                                 0x080028e5   Thumb Code    12  time.o(i.sys_time)
    trajectory                               0x080028f5   Thumb Code   308  mearm.o(i.trajectory)
    uart_init                                0x08002a31   Thumb Code   152  usart.o(i.uart_init)
    Region$$Table$$Base                      0x08002bb8   Number         0  anon$$obj.o(Region$$Table)
    Region$$Table$$Limit                     0x08002bd8   Number         0  anon$$obj.o(Region$$Table)
    SystemCoreClock                          0x20000000   Data           4  system_stm32f10x.o(.data)
    AHBPrescTable                            0x20000004   Data          16  system_stm32f10x.o(.data)
    offline_check_time                       0x20000028   Data           2  openmv.o(.data)
    sum_angle                                0x2000002a   Data           2  openmv.o(.data)
    sum_deviation                            0x2000002c   Data           2  openmv.o(.data)
    opmv_t                                   0x2000002e   Data           2  openmv.o(.data)
    sysTickUptime                            0x20000034   Data           4  time.o(.data)
    systime_ms                               0x20000038   Data           4  time.o(.data)
    USART1_com_data                          0x2000003c   Data           1  usart.o(.data)
    head                                     0x20000040   Data           4  uart2.o(.data)
    tail                                     0x20000044   Data           4  uart2.o(.data)
    MEARM_state                              0x200000ac   Data           1  mearm.o(.data)
    l1                                       0x200000b0   Data           4  mearm.o(.data)
    l2                                       0x200000b4   Data           4  mearm.o(.data)
    speed                                    0x200000b8   Data           4  mearm.o(.data)
    openmv_buf                               0x200000c0   Data          20  openmv.o(.bss)
    opmv                                     0x200000d4   Data          26  openmv.o(.bss)
    uartBuf                                  0x200001ee   Data         128  uart2.o(.bss)
    mearm_xyz                                0x20000370   Data          12  mearm.o(.bss)
    mearm_action_angle                       0x2000037c   Data          16  mearm.o(.bss)
    mearm_init_angle                         0x2000038c   Data          16  mearm.o(.bss)
    __initial_sp                             0x200007a0   Data           0  startup_stm32f10x_md.o(STACK)



==============================================================================

Memory Map of the image

  Image Entry point : 0x080000ed

  Load Region LR_IROM1 (Base: 0x08000000, Size: 0x00002c98, Max: 0x00010000, ABSOLUTE)

    Execution Region ER_IROM1 (Base: 0x08000000, Size: 0x00002bd8, Max: 0x00010000, ABSOLUTE)

    Base Addr    Size         Type   Attr      Idx    E Section Name        Object

    0x08000000   0x000000ec   Data   RO          193    RESET               startup_stm32f10x_md.o
    0x080000ec   0x00000000   Code   RO         4652  * .ARM.Collect$$$$00000000  mc_w.l(entry.o)
    0x080000ec   0x00000004   Code   RO         4706    .ARM.Collect$$$$00000001  mc_w.l(entry2.o)
    0x080000f0   0x00000004   Code   RO         4709    .ARM.Collect$$$$00000004  mc_w.l(entry5.o)
    0x080000f4   0x00000000   Code   RO         4711    .ARM.Collect$$$$00000008  mc_w.l(entry7b.o)
    0x080000f4   0x00000000   Code   RO         4713    .ARM.Collect$$$$0000000A  mc_w.l(entry8b.o)
    0x080000f4   0x00000008   Code   RO         4714    .ARM.Collect$$$$0000000B  mc_w.l(entry9a.o)
    0x080000fc   0x00000000   Code   RO         4716    .ARM.Collect$$$$0000000D  mc_w.l(entry10a.o)
    0x080000fc   0x00000000   Code   RO         4718    .ARM.Collect$$$$0000000F  mc_w.l(entry11a.o)
    0x080000fc   0x00000004   Code   RO         4707    .ARM.Collect$$$$00002712  mc_w.l(entry2.o)
    0x08000100   0x00000024   Code   RO          194    .text               startup_stm32f10x_md.o
    0x08000124   0x000000b0   Code   RO         4655    .text               mf_w.l(fadd.o)
    0x080001d4   0x00000064   Code   RO         4657    .text               mf_w.l(fmul.o)
    0x08000238   0x0000007c   Code   RO         4659    .text               mf_w.l(fdiv.o)
    0x080002b4   0x0000014e   Code   RO         4661    .text               mf_w.l(dadd.o)
    0x08000402   0x000000e4   Code   RO         4663    .text               mf_w.l(dmul.o)
    0x080004e6   0x000000de   Code   RO         4665    .text               mf_w.l(ddiv.o)
    0x080005c4   0x00000022   Code   RO         4671    .text               mf_w.l(dflti.o)
    0x080005e6   0x00000028   Code   RO         4675    .text               mf_w.l(ffixui.o)
    0x0800060e   0x00000032   Code   RO         4677    .text               mf_w.l(dfixui.o)
    0x08000640   0x00000026   Code   RO         4679    .text               mf_w.l(f2d.o)
    0x08000666   0x00000038   Code   RO         4681    .text               mf_w.l(d2f.o)
    0x0800069e   0x00000002   PAD
    0x080006a0   0x00000014   Code   RO         4683    .text               mf_w.l(cfcmple.o)
    0x080006b4   0x00000014   Code   RO         4685    .text               mf_w.l(cfrcmple.o)
    0x080006c8   0x0000001e   Code   RO         4720    .text               mc_w.l(llshl.o)
    0x080006e6   0x00000020   Code   RO         4722    .text               mc_w.l(llushr.o)
    0x08000706   0x00000024   Code   RO         4724    .text               mc_w.l(llsshr.o)
    0x0800072a   0x00000000   Code   RO         4733    .text               mc_w.l(iusefp.o)
    0x0800072a   0x0000006e   Code   RO         4734    .text               mf_w.l(fepilogue.o)
    0x08000798   0x000000ba   Code   RO         4736    .text               mf_w.l(depilogue.o)
    0x08000852   0x0000002e   Code   RO         4738    .text               mf_w.l(dscalb.o)
    0x08000880   0x000000a2   Code   RO         4740    .text               mf_w.l(dsqrt.o)
    0x08000922   0x00000002   PAD
    0x08000924   0x00000024   Code   RO         4744    .text               mc_w.l(init.o)
    0x08000948   0x00000004   Code   RO          119    i.BusFault_Handler  stm32f10x_it.o
    0x0800094c   0x00000002   Code   RO          120    i.DebugMon_Handler  stm32f10x_it.o
    0x0800094e   0x00000018   Code   RO         3800    i.Delay_ms          time.o
    0x08000966   0x00000018   Code   RO         3801    i.Delay_us          time.o
    0x0800097e   0x00000116   Code   RO          204    i.GPIO_Init         stm32f10x_gpio.o
    0x08000a94   0x00000040   Code   RO         3802    i.GetSysTime_us     time.o
    0x08000ad4   0x00000004   Code   RO          121    i.HardFault_Handler  stm32f10x_it.o
    0x08000ad8   0x0000043c   Code   RO         4567    i.Inverse_Kinematics  mearm.o
    0x08000f14   0x00000002   Code   RO         4426    i.Loop_1000Hz       scheduler.o
    0x08000f16   0x00000002   Code   RO         4427    i.Loop_100Hz        scheduler.o
    0x08000f18   0x00000002   Code   RO         4428    i.Loop_10Hz         scheduler.o
    0x08000f1a   0x00000002   Code   RO         4429    i.Loop_200Hz        scheduler.o
    0x08000f1c   0x00000002   Code   RO         4430    i.Loop_20Hz         scheduler.o
    0x08000f1e   0x00000002   Code   RO         4431    i.Loop_2Hz          scheduler.o
    0x08000f20   0x00000008   Code   RO         4432    i.Loop_500Hz        scheduler.o
    0x08000f28   0x00000002   Code   RO         4433    i.Loop_50Hz         scheduler.o
    0x08000f2a   0x00000004   Code   RO          122    i.MemManage_Handler  stm32f10x_it.o
    0x08000f2e   0x00000002   Code   RO          123    i.NMI_Handler       stm32f10x_it.o
    0x08000f30   0x00000070   Code   RO          338    i.NVIC_Init         misc.o
    0x08000fa0   0x00000014   Code   RO          339    i.NVIC_PriorityGroupConfig  misc.o
    0x08000fb4   0x0000010c   Code   RO         3695    i.OpenMV_Byte_Get   openmv.o
    0x080010c0   0x00000014   Code   RO         3696    i.OpenMV_Check_Reset  openmv.o
    0x080010d4   0x000000d4   Code   RO         3697    i.OpenMV_Data_Analysis  openmv.o
    0x080011a8   0x00000054   Code   RO         4516    i.PS2_Init          pstwo.o
    0x080011fc   0x00000002   Code   RO          124    i.PendSV_Handler    stm32f10x_it.o
    0x080011fe   0x00000002   PAD
    0x08001200   0x00000020   Code   RO         1791    i.RCC_APB1PeriphClockCmd  stm32f10x_rcc.o
    0x08001220   0x00000020   Code   RO         1792    i.RCC_APB1PeriphResetCmd  stm32f10x_rcc.o
    0x08001240   0x00000020   Code   RO         1793    i.RCC_APB2PeriphClockCmd  stm32f10x_rcc.o
    0x08001260   0x00000020   Code   RO         1794    i.RCC_APB2PeriphResetCmd  stm32f10x_rcc.o
    0x08001280   0x000000d4   Code   RO         1801    i.RCC_GetClocksFreq  stm32f10x_rcc.o
    0x08001354   0x00000002   Code   RO          125    i.SVC_Handler       stm32f10x_it.o
    0x08001356   0x00000002   PAD
    0x08001358   0x00000050   Code   RO         4434    i.Scheduler_Run     scheduler.o
    0x080013a8   0x00000050   Code   RO         4435    i.Scheduler_Setup   scheduler.o
    0x080013f8   0x00000008   Code   RO            1    i.SetSysClock       system_stm32f10x.o
    0x08001400   0x000000e0   Code   RO            2    i.SetSysClockTo72   system_stm32f10x.o
    0x080014e0   0x00000028   Code   RO          342    i.SysTick_CLKSourceConfig  misc.o
    0x08001508   0x0000006c   Code   RO         3804    i.SysTick_Configuration  time.o
    0x08001574   0x0000000c   Code   RO         3805    i.SysTick_GetTick   time.o
    0x08001580   0x00000018   Code   RO         3806    i.SysTick_Handler   time.o
    0x08001598   0x00000060   Code   RO            4    i.SystemInit        system_stm32f10x.o
    0x080015f8   0x000000cc   Code   RO         3731    i.TIM2_PWM_Init     pwm.o
    0x080016c4   0x00000018   Code   RO         4408    i.TIM4_IRQHandler   control.o
    0x080016dc   0x00000018   Code   RO         2413    i.TIM_ARRPreloadConfig  stm32f10x_tim.o
    0x080016f4   0x00000058   Code   RO         3807    i.TIM_CONF          time.o
    0x0800174c   0x00000006   Code   RO         2419    i.TIM_ClearFlag     stm32f10x_tim.o
    0x08001752   0x00000006   Code   RO         2420    i.TIM_ClearITPendingBit  stm32f10x_tim.o
    0x08001758   0x00000018   Code   RO         2425    i.TIM_Cmd           stm32f10x_tim.o
    0x08001770   0x0000001e   Code   RO         2427    i.TIM_CtrlPWMOutputs  stm32f10x_tim.o
    0x0800178e   0x00000002   PAD
    0x08001790   0x000001e8   Code   RO         2430    i.TIM_DeInit        stm32f10x_tim.o
    0x08001978   0x00000022   Code   RO         2446    i.TIM_GetITStatus   stm32f10x_tim.o
    0x0800199a   0x00000014   Code   RO         3808    i.TIM_INIT          time.o
    0x080019ae   0x00000012   Code   RO         2450    i.TIM_ITConfig      stm32f10x_tim.o
    0x080019c0   0x00000022   Code   RO         3809    i.TIM_NVIC          time.o
    0x080019e2   0x00000002   PAD
    0x080019e4   0x00000098   Code   RO         2454    i.TIM_OC1Init       stm32f10x_tim.o
    0x08001a7c   0x00000012   Code   RO         2457    i.TIM_OC1PreloadConfig  stm32f10x_tim.o
    0x08001a8e   0x00000002   PAD
    0x08001a90   0x000000a4   Code   RO         2459    i.TIM_OC2Init       stm32f10x_tim.o
    0x08001b34   0x0000001a   Code   RO         2462    i.TIM_OC2PreloadConfig  stm32f10x_tim.o
    0x08001b4e   0x00000002   PAD
    0x08001b50   0x000000a0   Code   RO         2464    i.TIM_OC3Init       stm32f10x_tim.o
    0x08001bf0   0x00000012   Code   RO         2467    i.TIM_OC3PreloadConfig  stm32f10x_tim.o
    0x08001c02   0x00000002   PAD
    0x08001c04   0x0000007c   Code   RO         2469    i.TIM_OC4Init       stm32f10x_tim.o
    0x08001c80   0x0000001a   Code   RO         2471    i.TIM_OC4PreloadConfig  stm32f10x_tim.o
    0x08001c9a   0x00000004   Code   RO         2486    i.TIM_SetCompare1   stm32f10x_tim.o
    0x08001c9e   0x00000004   Code   RO         2487    i.TIM_SetCompare2   stm32f10x_tim.o
    0x08001ca2   0x00000004   Code   RO         2488    i.TIM_SetCompare3   stm32f10x_tim.o
    0x08001ca6   0x00000006   Code   RO         2489    i.TIM_SetCompare4   stm32f10x_tim.o
    0x08001cac   0x000000a4   Code   RO         2496    i.TIM_TimeBaseInit  stm32f10x_tim.o
    0x08001d50   0x00000088   Code   RO         3882    i.USART1_IRQHandler  usart.o
    0x08001dd8   0x00000040   Code   RO         3933    i.USART2_IRQHandler  uart2.o
    0x08001e18   0x00000094   Code   RO         3976    i.USART3_IRQHandler  usart3.o
    0x08001eac   0x0000001e   Code   RO         2958    i.USART_ClearITPendingBit  stm32f10x_usart.o
    0x08001eca   0x00000018   Code   RO         2961    i.USART_Cmd         stm32f10x_usart.o
    0x08001ee2   0x00000054   Code   RO         2965    i.USART_GetITStatus  stm32f10x_usart.o
    0x08001f36   0x0000004a   Code   RO         2967    i.USART_ITConfig    stm32f10x_usart.o
    0x08001f80   0x000000d8   Code   RO         2968    i.USART_Init        stm32f10x_usart.o
    0x08002058   0x0000000a   Code   RO         2975    i.USART_ReceiveData  stm32f10x_usart.o
    0x08002062   0x00000004   Code   RO          126    i.UsageFault_Handler  stm32f10x_it.o
    0x08002066   0x00000028   Code   RO         4701    i.__ARM_fpclassify  m_ws.l(fpclassify.o)
    0x0800208e   0x000000aa   Code   RO         4703    i.__kernel_poly     m_ws.l(poly.o)
    0x08002138   0x00000006   Code   RO         4688    i.__mathlib_dbl_infnan  m_ws.l(dunder.o)
    0x0800213e   0x0000000c   Code   RO         4690    i.__mathlib_dbl_invalid  m_ws.l(dunder.o)
    0x0800214a   0x00000002   PAD
    0x0800214c   0x00000010   Code   RO         4693    i.__mathlib_dbl_underflow  m_ws.l(dunder.o)
    0x0800215c   0x0000000e   Code   RO         4748    i.__scatterload_copy  mc_w.l(handlers.o)
    0x0800216a   0x00000002   Code   RO         4749    i.__scatterload_null  mc_w.l(handlers.o)
    0x0800216c   0x0000000e   Code   RO         4750    i.__scatterload_zeroinit  mc_w.l(handlers.o)
    0x0800217a   0x00000002   PAD
    0x0800217c   0x0000000c   Code   RO         4728    i.__set_errno       mc_w.l(errno.o)
    0x08002188   0x0000027c   Code   RO         4617    i.acos              m_ws.l(acos.o)
    0x08002404   0x00000220   Code   RO         4627    i.atan              m_ws.l(atan.o)
    0x08002624   0x00000002   Code   RO         4390    i.data_config       config.o
    0x08002626   0x00000002   PAD
    0x08002628   0x00000030   Code   RO         4391    i.init_config       config.o
    0x08002658   0x00000010   Code   RO         4500    i.main              main_1.o
    0x08002668   0x000000c0   Code   RO         4568    i.mearm_control     mearm.o
    0x08002728   0x00000068   Code   RO         4569    i.mearm_servo_output  mearm.o
    0x08002790   0x00000070   Code   RO         4570    i.pliers_servo      mearm.o
    0x08002800   0x00000088   Code   RO         4571    i.position          mearm.o
    0x08002888   0x0000000e   Code   RO         4083    i.pwm_servo_init    servo.o
    0x08002896   0x0000004c   Code   RO         4645    i.sqrt              m_ws.l(sqrt.o)
    0x080028e2   0x00000002   PAD
    0x080028e4   0x00000010   Code   RO         3810    i.sys_time          time.o
    0x080028f4   0x0000013c   Code   RO         4572    i.trajectory        mearm.o
    0x08002a30   0x000000a0   Code   RO         3886    i.uart_init         usart.o
    0x08002ad0   0x00000050   Data   RO         4618    .constdata          m_ws.l(acos.o)
    0x08002b20   0x00000098   Data   RO         4628    .constdata          m_ws.l(atan.o)
    0x08002bb8   0x00000020   Data   RO         4746    Region$$Table       anon$$obj.o


    Execution Region RW_IRAM1 (Base: 0x20000000, Size: 0x000007a0, Max: 0x00005000, ABSOLUTE)

    Base Addr    Size         Type   Attr      Idx    E Section Name        Object

    0x20000000   0x00000014   Data   RW            5    .data               system_stm32f10x.o
    0x20000014   0x00000014   Data   RW         1821    .data               stm32f10x_rcc.o
    0x20000028   0x0000000a   Data   RW         3700    .data               openmv.o
    0x20000032   0x00000002   PAD
    0x20000034   0x00000008   Data   RW         3811    .data               time.o
    0x2000003c   0x00000003   Data   RW         3888    .data               usart.o
    0x2000003f   0x00000001   PAD
    0x20000040   0x00000008   Data   RW         3939    .data               uart2.o
    0x20000048   0x00000002   Data   RW         3983    .data               usart3.o
    0x2000004a   0x00000002   PAD
    0x2000004c   0x00000060   Data   RW         4437    .data               scheduler.o
    0x200000ac   0x00000010   Data   RW         4574    .data               mearm.o
    0x200000bc   0x00000004   Data   RW         4729    .data               mc_w.l(errno.o)
    0x200000c0   0x0000002e   Zero   RW         3699    .bss                openmv.o
    0x200000ee   0x00000100   Zero   RW         3887    .bss                usart.o
    0x200001ee   0x00000080   Zero   RW         3938    .bss                uart2.o
    0x2000026e   0x00000100   Zero   RW         3982    .bss                usart3.o
    0x2000036e   0x00000002   PAD
    0x20000370   0x0000002c   Zero   RW         4573    .bss                mearm.o
    0x2000039c   0x00000004   PAD
    0x200003a0   0x00000400   Zero   RW          191    STACK               startup_stm32f10x_md.o


==============================================================================

Image component sizes


      Code (inc. data)   RO Data    RW Data    ZI Data      Debug   Object Name

        50          4          0          0          0        852   config.o
        24          4          0          0          0        438   control.o
         0          0          0          0          0         32   core_cm3.o
        16          0          0          0          0        423   main_1.o
      1944        124          0         16         44       4129   mearm.o
       172         22          0          0          0       2005   misc.o
         0          0          0          0          0        380   my_math_1.o
       500         38          0         10         46       3050   openmv.o
        84         12          0          0          0        415   pstwo.o
       204          4          0          0          0        736   pwm.o
       182          8          0         96          0       4611   scheduler.o
        14          0          0          0          0        429   servo.o
        36          8        236          0       1024        784   startup_stm32f10x_md.o
       278          0          0          0          0     205320   stm32f10x_gpio.o
        24          0          0          0          0       3340   stm32f10x_it.o
       340         44          0         20          0       5484   stm32f10x_rcc.o
      1500        156          0          0          0      13071   stm32f10x_tim.o
       438          6          0          0          0       5544   stm32f10x_usart.o
       328         28          0         20          0      50153   system_stm32f10x.o
       414         38          0          8          0      20716   time.o
        64         14          0          8        128        976   uart2.o
       296         30          0          3        256       1710   usart.o
       148         18          0          2        256       1028   usart3.o

    ----------------------------------------------------------------------
      7072        558        268        188       1760     325626   Object Totals
         0          0         32          0          0          0   (incl. Generated)
        16          0          0          5          6          0   (incl. Padding)

    ----------------------------------------------------------------------

      Code (inc. data)   RO Data    RW Data    ZI Data      Debug   Library Member Name

       636         62         80          0          0        188   acos.o
       544         70        152          0          0        124   atan.o
        34          6          0          0          0        204   dunder.o
        40          0          0          0          0         68   fpclassify.o
       170          0          0          0          0         96   poly.o
        76          0          0          0          0         84   sqrt.o
         0          0          0          0          0          0   entry.o
         0          0          0          0          0          0   entry10a.o
         0          0          0          0          0          0   entry11a.o
         8          4          0          0          0          0   entry2.o
         4          0          0          0          0          0   entry5.o
         0          0          0          0          0          0   entry7b.o
         0          0          0          0          0          0   entry8b.o
         8          4          0          0          0          0   entry9a.o
        12          6          0          4          0         68   errno.o
        30          0          0          0          0          0   handlers.o
        36          8          0          0          0         68   init.o
         0          0          0          0          0          0   iusefp.o
        30          0          0          0          0         68   llshl.o
        36          0          0          0          0         68   llsshr.o
        32          0          0          0          0         68   llushr.o
        20          0          0          0          0         68   cfcmple.o
        20          0          0          0          0         68   cfrcmple.o
        56          0          0          0          0         88   d2f.o
       334          0          0          0          0        148   dadd.o
       222          0          0          0          0        100   ddiv.o
       186          0          0          0          0        176   depilogue.o
        50          0          0          0          0         76   dfixui.o
        34          0          0          0          0         76   dflti.o
       228          0          0          0          0         96   dmul.o
        46          0          0          0          0         80   dscalb.o
       162          0          0          0          0        100   dsqrt.o
        38          0          0          0          0         68   f2d.o
       176          0          0          0          0        140   fadd.o
       124          0          0          0          0         88   fdiv.o
       110          0          0          0          0        168   fepilogue.o
        40          0          0          0          0         68   ffixui.o
       100          0          0          0          0         76   fmul.o

    ----------------------------------------------------------------------
      3652        160        232          4          0       2788   Library Totals
        10          0          0          0          0          0   (incl. Padding)

    ----------------------------------------------------------------------

      Code (inc. data)   RO Data    RW Data    ZI Data      Debug   Library Name

      1500        138        232          0          0        764   m_ws.l
       196         22          0          4          0        340   mc_w.l
      1946          0          0          0          0       1684   mf_w.l

    ----------------------------------------------------------------------
      3652        160        232          4          0       2788   Library Totals

    ----------------------------------------------------------------------

==============================================================================


      Code (inc. data)   RO Data    RW Data    ZI Data      Debug   

     10724        718        500        192       1760     322846   Grand Totals
     10724        718        500        192       1760     322846   ELF Image Totals
     10724        718        500        192          0          0   ROM Totals

==============================================================================

    Total RO  Size (Code + RO Data)                11224 (  10.96kB)
    Total RW  Size (RW Data + ZI Data)              1952 (   1.91kB)
    Total ROM Size (Code + RO Data + RW Data)      11416 (  11.15kB)

==============================================================================

